Archive member included to satisfy reference by file (symbol)

/usr/lib/gcc/arm-none-eabi/13.2.1/thumb/v6-m/nofp/libgcc.a(_dvmd_tls.o)
                              CMakeFiles/hello_world.dir/home/komlan/pico-sdk/src/rp2_common/pico_divider/divider_hardware.S.o (__aeabi_idiv0)
/usr/lib/gcc/arm-none-eabi/13.2.1/../../../arm-none-eabi/lib/thumb/v6-m/nofp/libg.a(libc_a-calloc.o)
                              CMakeFiles/hello_world.dir/home/komlan/pico-sdk/src/rp2_common/pico_malloc/malloc.c.o (calloc)
/usr/lib/gcc/arm-none-eabi/13.2.1/../../../arm-none-eabi/lib/thumb/v6-m/nofp/libg.a(libc_a-impure.o)
                              /usr/lib/gcc/arm-none-eabi/13.2.1/../../../arm-none-eabi/lib/thumb/v6-m/nofp/libg.a(libc_a-calloc.o) (_impure_ptr)
/usr/lib/gcc/arm-none-eabi/13.2.1/../../../arm-none-eabi/lib/thumb/v6-m/nofp/libg.a(libc_a-callocr.o)
                              /usr/lib/gcc/arm-none-eabi/13.2.1/../../../arm-none-eabi/lib/thumb/v6-m/nofp/libg.a(libc_a-calloc.o) (_calloc_r)
/usr/lib/gcc/arm-none-eabi/13.2.1/../../../arm-none-eabi/lib/thumb/v6-m/nofp/libg.a(libc_a-realloc.o)
                              CMakeFiles/hello_world.dir/home/komlan/pico-sdk/src/rp2_common/pico_malloc/malloc.c.o (realloc)
/usr/lib/gcc/arm-none-eabi/13.2.1/../../../arm-none-eabi/lib/thumb/v6-m/nofp/libg.a(libc_a-mallocr.o)
                              /usr/lib/gcc/arm-none-eabi/13.2.1/../../../arm-none-eabi/lib/thumb/v6-m/nofp/libg.a(libc_a-callocr.o) (_malloc_r)
/usr/lib/gcc/arm-none-eabi/13.2.1/../../../arm-none-eabi/lib/thumb/v6-m/nofp/libg.a(libc_a-freer.o)
                              /usr/lib/gcc/arm-none-eabi/13.2.1/../../../arm-none-eabi/lib/thumb/v6-m/nofp/libg.a(libc_a-mallocr.o) (_free_r)
/usr/lib/gcc/arm-none-eabi/13.2.1/../../../arm-none-eabi/lib/thumb/v6-m/nofp/libg.a(libc_a-memcmp.o)
                              CMakeFiles/hello_world.dir/home/komlan/pico-sdk/src/rp2_common/pico_atomic/atomic.c.o (memcmp)
/usr/lib/gcc/arm-none-eabi/13.2.1/../../../arm-none-eabi/lib/thumb/v6-m/nofp/libg.a(libc_a-malloc.o)
                              CMakeFiles/hello_world.dir/home/komlan/pico-sdk/src/rp2_common/pico_malloc/malloc.c.o (malloc)
/usr/lib/gcc/arm-none-eabi/13.2.1/../../../arm-none-eabi/lib/thumb/v6-m/nofp/libg.a(libc_a-sysconf.o)
                              /usr/lib/gcc/arm-none-eabi/13.2.1/../../../arm-none-eabi/lib/thumb/v6-m/nofp/libg.a(libc_a-mallocr.o) (sysconf)
/usr/lib/gcc/arm-none-eabi/13.2.1/../../../arm-none-eabi/lib/thumb/v6-m/nofp/libg.a(libc_a-init.o)
                              /usr/lib/gcc/arm-none-eabi/13.2.1/../../../arm-none-eabi/lib/thumb/v6-m/nofp/crt0.o (__libc_init_array)
/usr/lib/gcc/arm-none-eabi/13.2.1/../../../arm-none-eabi/lib/thumb/v6-m/nofp/libg.a(libc_a-reallocr.o)
                              /usr/lib/gcc/arm-none-eabi/13.2.1/../../../arm-none-eabi/lib/thumb/v6-m/nofp/libg.a(libc_a-realloc.o) (_realloc_r)
/usr/lib/gcc/arm-none-eabi/13.2.1/../../../arm-none-eabi/lib/thumb/v6-m/nofp/libg.a(libc_a-mktime.o)
                              CMakeFiles/hello_world.dir/home/komlan/pico-sdk/src/common/pico_util/datetime.c.o (mktime)
/usr/lib/gcc/arm-none-eabi/13.2.1/../../../arm-none-eabi/lib/thumb/v6-m/nofp/libg.a(libc_a-mlock.o)
                              /usr/lib/gcc/arm-none-eabi/13.2.1/../../../arm-none-eabi/lib/thumb/v6-m/nofp/libg.a(libc_a-mallocr.o) (__malloc_lock)
/usr/lib/gcc/arm-none-eabi/13.2.1/../../../arm-none-eabi/lib/thumb/v6-m/nofp/libg.a(libc_a-findfp.o)
                              /usr/lib/gcc/arm-none-eabi/13.2.1/../../../arm-none-eabi/lib/thumb/v6-m/nofp/libg.a(libc_a-impure.o) (__sf)
/usr/lib/gcc/arm-none-eabi/13.2.1/../../../arm-none-eabi/lib/thumb/v6-m/nofp/libg.a(libc_a-tzlock.o)
                              /usr/lib/gcc/arm-none-eabi/13.2.1/../../../arm-none-eabi/lib/thumb/v6-m/nofp/libg.a(libc_a-mktime.o) (__tz_lock)
/usr/lib/gcc/arm-none-eabi/13.2.1/../../../arm-none-eabi/lib/thumb/v6-m/nofp/libg.a(libc_a-ctype_.o)
                              CMakeFiles/hello_world.dir/home/komlan/pico-sdk/lib/tinyusb/src/tusb.c.o (_ctype_)
/usr/lib/gcc/arm-none-eabi/13.2.1/../../../arm-none-eabi/lib/thumb/v6-m/nofp/libg.a(libc_a-atexit.o)
                              /usr/lib/gcc/arm-none-eabi/13.2.1/../../../arm-none-eabi/lib/thumb/v6-m/nofp/crt0.o (atexit)
/usr/lib/gcc/arm-none-eabi/13.2.1/../../../arm-none-eabi/lib/thumb/v6-m/nofp/libg.a(libc_a-lcltime_r.o)
                              CMakeFiles/hello_world.dir/home/komlan/pico-sdk/src/common/pico_util/datetime.c.o (localtime_r)
/usr/lib/gcc/arm-none-eabi/13.2.1/../../../arm-none-eabi/lib/thumb/v6-m/nofp/libg.a(libc_a-strlen-stub.o)
                              CMakeFiles/hello_world.dir/home/komlan/pico-sdk/src/rp2_common/pico_stdio/stdio.c.o (strlen)
/usr/lib/gcc/arm-none-eabi/13.2.1/../../../arm-none-eabi/lib/thumb/v6-m/nofp/libg.a(libc_a-sbrkr.o)
                              /usr/lib/gcc/arm-none-eabi/13.2.1/../../../arm-none-eabi/lib/thumb/v6-m/nofp/libg.a(libc_a-mallocr.o) (_sbrk_r)
[...]
Memory Configuration

Name             Origin             Length             Attributes
FLASH            0x10000000         0x00200000         xr
RAM              0x20000000         0x00040000         xrw
SCRATCH_X        0x20040000         0x00001000         xrw
SCRATCH_Y        0x20041000         0x00001000         xrw
*default*        0x00000000         0xffffffff

Linker script and memory map

LOAD /usr/lib/gcc/arm-none-eabi/13.2.1/thumb/v6-m/nofp/crti.o
LOAD /usr/lib/gcc/arm-none-eabi/13.2.1/thumb/v6-m/nofp/crtbegin.o
LOAD /usr/lib/gcc/arm-none-eabi/13.2.1/../../../arm-none-eabi/lib/thumb/v6-m/nofp/crt0.o

.flash_begin    0x10000000        0x0
                0x10000000                        __flash_binary_start = .

.boot2          0x10000000      0x100
                0x10000000                        __boot2_start__ = .
 *(.boot2)
 .boot2         0x10000000      0x100 pico-sdk/src/rp2040/boot_stage2/CMakeFiles/bs2_default_library.dir/bs2_default_padded_checksummed.S.o
                0x10000100                        __boot2_end__ = .
                0x00000001                        ASSERT (((__boot2_end__ - __boot2_start__) == 0x100), ERROR: Pico second stage bootloader must be 256 bytes in size)

.text           0x10000100     0x6a18
                0x10000100                        __logical_binary_start = .
 *(.vectors)
 .vectors       0x10000100       0xd4 CMakeFiles/hello_world.dir/home/komlan/pico-sdk/src/rp2_common/pico_crt0/crt0.S.o
                0x10000100                __vectors
                0x10000100                __VECTOR_TABLE
                0x100001c0                isr_invalid
                0x100001c0                __default_isrs_start
                0x100001c2                isr_nmi
                0x100001c4                isr_hardfault
                0x100001c6                isr_svcall
                0x100001c8                isr_pendsv
                0x100001ca                isr_systick
                0x100001cc                isr_irq30
                0x100001cc                __unhandled_user_irq
                0x100001cc                isr_irq13
                0x100001cc                isr_irq27
                0x100001cc                isr_irq31
                0x100001cc                isr_irq5
                0x100001cc                isr_irq11
                0x100001cc                isr_irq23
                0x100001cc                isr_irq18
                0x100001cc                isr_irq28
                0x100001cc                isr_irq19
                0x100001cc                isr_irq0
                0x100001cc                isr_irq6
                0x100001cc                isr_irq22
                0x100001cc                isr_irq17
                0x100001cc                isr_irq14
                0x100001cc                isr_irq2
                0x100001cc                isr_irq10
                0x100001cc                isr_irq8
                0x100001cc                isr_irq24
                0x100001cc                isr_irq1
                0x100001cc                isr_irq7
                0x100001cc                isr_irq21
                0x100001cc                isr_irq20
                0x100001cc                isr_irq15
                0x100001cc                isr_irq25
                0x100001cc                isr_irq4
                0x100001cc                isr_irq16
                0x100001cc                isr_irq29
                0x100001cc                isr_irq26
                0x100001cc                __default_isrs_end
                0x100001cc                isr_irq3
                0x100001cc                isr_irq12
                0x100001cc                isr_irq9
                0x100001d2                unhandled_user_irq_num_in_r0
 *(.binary_info_header)
 .binary_info_header
                0x100001d4       0x14 CMakeFiles/hello_world.dir/home/komlan/pico-sdk/src/rp2_common/pico_crt0/crt0.S.o
                0x100001e8                        __binary_info_header_end = .
 *(.embedded_block)
                0x100001e8                        __embedded_block_end = .
 *(.reset)
 .reset         0x100001e8       0x9c CMakeFiles/hello_world.dir/home/komlan/pico-sdk/src/rp2_common/pico_crt0/crt0.S.o
                0x100001e8                _entry_point
 *(.init)
 .init          0x10000284        0x4 /usr/lib/gcc/arm-none-eabi/13.2.1/thumb/v6-m/nofp/crti.o
                0x10000284                _init
 *(EXCLUDE_FILE(*libm.a: *libc.a:*lib_a-mem*.o *libgcc.a:) .text*)
 .text          0x10000288       0x98 /usr/lib/gcc/arm-none-eabi/13.2.1/thumb/v6-m/nofp/crtbegin.o
 .text.main     0x10000320       0x1c CMakeFiles/hello_world.dir/src/hello_world.c.o
                0x10000320                main
 .text.rp2040_chip_version
                0x1000033c       0x54 CMakeFiles/hello_world.dir/home/komlan/pico-sdk/src/rp2040/pico_platform/platform.c.o
                0x1000033c                rp2040_chip_version
 .text.panic    0x10000390       0x30 CMakeFiles/hello_world.dir/home/komlan/pico-sdk/src/rp2_common/pico_platform_panic/panic.c.o
                0x10000390                panic
 .text.hw_claim_lock
                0x100003c0       0x18 CMakeFiles/hello_world.dir/home/komlan/pico-sdk/src/common/hardware_claim/claim.c.o
                0x100003c0                hw_claim_lock
 .text.hw_claim_unlock
                0x100003d8       0x14 CMakeFiles/hello_world.dir/home/komlan/pico-sdk/src/common/hardware_claim/claim.c.o
                0x100003d8                hw_claim_unlock
 .text.hw_claim_or_assert
                0x100003ec       0x32 CMakeFiles/hello_world.dir/home/komlan/pico-sdk/src/common/hardware_claim/claim.c.o
                0x100003ec                hw_claim_or_assert
 .text.hw_claim_unused_from_range
                0x1000041e       0x50 CMakeFiles/hello_world.dir/home/komlan/pico-sdk/src/common/hardware_claim/claim.c.o
                0x1000041e                hw_claim_unused_from_range
 *fill*         0x1000046e        0x2 
 .text.next_striped_spin_lock_num
                0x10000470       0x1c CMakeFiles/hello_world.dir/home/komlan/pico-sdk/src/rp2_common/hardware_sync/sync.c.o
                0x10000470                next_striped_spin_lock_num
 .text.spin_lock_claim_unused
                0x1000048c       0x24 CMakeFiles/hello_world.dir/home/komlan/pico-sdk/src/rp2_common/hardware_sync/sync.c.o
                0x1000048c                spin_lock_claim_unused
 .text.spin_locks_reset
                0x100004b0       0x20 CMakeFiles/hello_world.dir/home/komlan/pico-sdk/src/rp2_common/hardware_sync_spin_lock/sync_spin_lock.c.o
                0x100004b0                spin_locks_reset
 .text.set_raw_irq_handler_and_unlock
                0x100004d0       0x28 CMakeFiles/hello_world.dir/home/komlan/pico-sdk/src/rp2_common/hardware_irq/irq.c.o
 .text.nvic_ipr0
                0x100004f8        0x8 CMakeFiles/hello_world.dir/home/komlan/pico-sdk/src/rp2_common/hardware_irq/irq.c.o
 .text.runtime_init_per_core_irq_priorities
                0x10000500       0x1c CMakeFiles/hello_world.dir/home/komlan/pico-sdk/src/rp2_common/hardware_irq/irq.c.o
                0x10000500                runtime_init_per_core_irq_priorities
 .text.resolve_j_16
                0x1000051c       0x30 CMakeFiles/hello_world.dir/home/komlan/pico-sdk/src/rp2_common/hardware_irq/irq.c.o
 .text.make_j_16
                0x1000054c       0x48 CMakeFiles/hello_world.dir/home/komlan/pico-sdk/src/rp2_common/hardware_irq/irq.c.o
 .text.irq_is_enabled
                0x10000594       0x18 CMakeFiles/hello_world.dir/home/komlan/pico-sdk/src/rp2_common/hardware_irq/irq.c.o
                0x10000594                irq_is_enabled
 .text.irq_set_mask_n_enabled
                0x100005ac       0x1c CMakeFiles/hello_world.dir/home/komlan/pico-sdk/src/rp2_common/hardware_irq/irq.c.o
                0x100005ac                irq_set_mask_n_enabled
 .text.irq_set_enabled
                0x100005c8       0x14 CMakeFiles/hello_world.dir/home/komlan/pico-sdk/src/rp2_common/hardware_irq/irq.c.o
                0x100005c8                irq_set_enabled
 .text.irq_set_pending
                0x100005dc       0x10 CMakeFiles/hello_world.dir/home/komlan/pico-sdk/src/rp2_common/hardware_irq/irq.c.o
                0x100005dc                irq_set_pending
 .text.irq_get_vtable_handler
                0x100005ec       0x10 CMakeFiles/hello_world.dir/home/komlan/pico-sdk/src/rp2_common/hardware_irq/irq.c.o
                0x100005ec                irq_get_vtable_handler
 .text.irq_has_shared_handler
                0x100005fc       0x1c CMakeFiles/hello_world.dir/home/komlan/pico-sdk/src/rp2_common/hardware_irq/irq.c.o
                0x100005fc                irq_has_shared_handler
 .text.irq_set_exclusive_handler
                0x10000618       0x54 CMakeFiles/hello_world.dir/home/komlan/pico-sdk/src/rp2_common/hardware_irq/irq.c.o
                0x10000618                irq_set_exclusive_handler
 .text.irq_add_shared_handler
                0x1000066c      0x218 CMakeFiles/hello_world.dir/home/komlan/pico-sdk/src/rp2_common/hardware_irq/irq.c.o
                0x1000066c                irq_add_shared_handler
 .text.irq_add_tail_to_free_list
                0x10000884       0xf0 CMakeFiles/hello_world.dir/home/komlan/pico-sdk/src/rp2_common/hardware_irq/irq.c.o
                0x10000884                irq_add_tail_to_free_list
 .text.user_irq_claim_unused
                0x10000974       0x2c CMakeFiles/hello_world.dir/home/komlan/pico-sdk/src/rp2_common/hardware_irq/irq.c.o
                0x10000974                user_irq_claim_unused
 .text.lock_init
                0x100009a0       0x10 CMakeFiles/hello_world.dir/home/komlan/pico-sdk/src/common/pico_sync/lock_core.c.o
                0x100009a0                lock_init
 .text.mutex_init
                0x100009b0       0x1a CMakeFiles/hello_world.dir/home/komlan/pico-sdk/src/common/pico_sync/mutex.c.o
                0x100009b0                mutex_init
 .text.recursive_mutex_init
                0x100009ca       0x1e CMakeFiles/hello_world.dir/home/komlan/pico-sdk/src/common/pico_sync/mutex.c.o
                0x100009ca                recursive_mutex_init
 .text.runtime_init_mutex
                0x100009e8       0x4c CMakeFiles/hello_world.dir/home/komlan/pico-sdk/src/common/pico_sync/mutex.c.o
                0x100009e8                runtime_init_mutex
 .text.critical_section_init_with_lock_num
                0x10000a34       0x14 CMakeFiles/hello_world.dir/home/komlan/pico-sdk/src/common/pico_sync/critical_section.c.o
                0x10000a34                critical_section_init_with_lock_num
 .text.critical_section_init
                0x10000a48       0x14 CMakeFiles/hello_world.dir/home/komlan/pico-sdk/src/common/pico_sync/critical_section.c.o
                0x10000a48                critical_section_init
 .text.ta_set_timeout
                0x10000a5c       0x24 CMakeFiles/hello_world.dir/home/komlan/pico-sdk/src/common/pico_time/time.c.o
 .text.make_alarm_id
                0x10000a80        0x6 CMakeFiles/hello_world.dir/home/komlan/pico-sdk/src/common/pico_time/time.c.o
 *fill*         0x10000a86        0x2 
 .text.sleep_until_callback
                0x10000a88       0x30 CMakeFiles/hello_world.dir/home/komlan/pico-sdk/src/common/pico_time/time.c.o
 .text.alarm_pool_irq_handler
                0x10000ab8      0x2e8 CMakeFiles/hello_world.dir/home/komlan/pico-sdk/src/common/pico_time/time.c.o
 .text.ta_enable_irq_handler
                0x10000da0       0x2c CMakeFiles/hello_world.dir/home/komlan/pico-sdk/src/common/pico_time/time.c.o
 .text.alarm_pool_post_alloc_init
                0x10000dcc       0x78 CMakeFiles/hello_world.dir/home/komlan/pico-sdk/src/common/pico_time/time.c.o
 .text.alarm_pool_get_default
                0x10000e44       0x2c CMakeFiles/hello_world.dir/home/komlan/pico-sdk/src/common/pico_time/time.c.o
                0x10000e44                alarm_pool_get_default
 .text.alarm_pool_add_alarm_at_force_in_context
                0x10000e70       0xa4 CMakeFiles/hello_world.dir/home/komlan/pico-sdk/src/common/pico_time/time.c.o
                0x10000e70                alarm_pool_add_alarm_at_force_in_context
 .text.alarm_pool_add_alarm_at
                0x10000f14       0x3c CMakeFiles/hello_world.dir/home/komlan/pico-sdk/src/common/pico_time/time.c.o
                0x10000f14                alarm_pool_add_alarm_at
 .text.add_alarm_at
                0x10000f50       0x2e CMakeFiles/hello_world.dir/home/komlan/pico-sdk/src/common/pico_time/time.c.o
 *fill*         0x10000f7e        0x2 
 .text.alarm_pool_cancel_alarm
                0x10000f80       0x78 CMakeFiles/hello_world.dir/home/komlan/pico-sdk/src/common/pico_time/time.c.o
                0x10000f80                alarm_pool_cancel_alarm
 .text.cancel_alarm
                0x10000ff8       0x10 CMakeFiles/hello_world.dir/home/komlan/pico-sdk/src/common/pico_time/time.c.o
 .text.alarm_pool_core_num
                0x10001008        0x4 CMakeFiles/hello_world.dir/home/komlan/pico-sdk/src/common/pico_time/time.c.o
                0x10001008                alarm_pool_core_num
 .text.sleep_until
                0x1000100c       0xc0 CMakeFiles/hello_world.dir/home/komlan/pico-sdk/src/common/pico_time/time.c.o
                0x1000100c                sleep_until
 .text.sleep_us
                0x100010cc       0x24 CMakeFiles/hello_world.dir/home/komlan/pico-sdk/src/common/pico_time/time.c.o
                0x100010cc                sleep_us
 .text.sleep_ms
                0x100010f0       0x14 CMakeFiles/hello_world.dir/home/komlan/pico-sdk/src/common/pico_time/time.c.o
                0x100010f0                sleep_ms
 .text.best_effort_wfe_or_timeout
                0x10001104      0x12c CMakeFiles/hello_world.dir/home/komlan/pico-sdk/src/common/pico_time/time.c.o
                0x10001104                best_effort_wfe_or_timeout
 .text.alarm_pool_get_default_timer
                0x10001230        0x8 CMakeFiles/hello_world.dir/home/komlan/pico-sdk/src/common/pico_time/time.c.o
                0x10001230                alarm_pool_get_default_timer
 .text.runtime_init_default_alarm_pool
                0x10001238       0x38 CMakeFiles/hello_world.dir/home/komlan/pico-sdk/src/common/pico_time/time.c.o
                0x10001238                runtime_init_default_alarm_pool
 .text.timer_hardware_alarm_claim
                0x10001270       0x14 CMakeFiles/hello_world.dir/home/komlan/pico-sdk/src/rp2_common/hardware_timer/timer.c.o
                0x10001270                timer_hardware_alarm_claim
 .text.timer_time_us_64
                0x10001284       0x10 CMakeFiles/hello_world.dir/home/komlan/pico-sdk/src/rp2_common/hardware_timer/timer.c.o
                0x10001284                timer_time_us_64
 .text.timer_busy_wait_until
                0x10001294       0x1a CMakeFiles/hello_world.dir/home/komlan/pico-sdk/src/rp2_common/hardware_timer/timer.c.o
                0x10001294                timer_busy_wait_until
 *fill*         0x100012ae        0x2 
 .text.time_us_64
                0x100012b0       0x10 CMakeFiles/hello_world.dir/home/komlan/pico-sdk/src/rp2_common/hardware_timer/timer.c.o
                0x100012b0                time_us_64
 .text.busy_wait_until
                0x100012c0       0x14 CMakeFiles/hello_world.dir/home/komlan/pico-sdk/src/rp2_common/hardware_timer/timer.c.o
                0x100012c0                busy_wait_until
 .text.clock_configure_internal
                0x100012d4       0xc4 CMakeFiles/hello_world.dir/home/komlan/pico-sdk/src/rp2_common/hardware_clocks/clocks.c.o
 .text.clock_configure_int_divider
                0x10001398       0x28 CMakeFiles/hello_world.dir/home/komlan/pico-sdk/src/rp2_common/hardware_clocks/clocks.c.o
                0x10001398                clock_configure_int_divider
 .text.clock_configure_undivided
                0x100013c0       0x12 CMakeFiles/hello_world.dir/home/komlan/pico-sdk/src/rp2_common/hardware_clocks/clocks.c.o
                0x100013c0                clock_configure_undivided
 *fill*         0x100013d2        0x2 
 .text.clock_get_hz
                0x100013d4        0xc CMakeFiles/hello_world.dir/home/komlan/pico-sdk/src/rp2_common/hardware_clocks/clocks.c.o
                0x100013d4                clock_get_hz
 .text.pll_init
                0x100013e0      0x124 CMakeFiles/hello_world.dir/home/komlan/pico-sdk/src/rp2_common/hardware_pll/pll.c.o
                0x100013e0                pll_init
 .text.watchdog_update
                0x10001504       0x14 CMakeFiles/hello_world.dir/home/komlan/pico-sdk/src/rp2_common/hardware_watchdog/watchdog.c.o
                0x10001504                watchdog_update
 .text._watchdog_enable
                0x10001518       0x7c CMakeFiles/hello_world.dir/home/komlan/pico-sdk/src/rp2_common/hardware_watchdog/watchdog.c.o
                0x10001518                _watchdog_enable
 .text.watchdog_reboot
                0x10001594       0x48 CMakeFiles/hello_world.dir/home/komlan/pico-sdk/src/rp2_common/hardware_watchdog/watchdog.c.o
                0x10001594                watchdog_reboot
 .text.tick_start
                0x100015dc       0x10 CMakeFiles/hello_world.dir/home/komlan/pico-sdk/src/rp2_common/hardware_ticks/ticks.c.o
                0x100015dc                tick_start
 .text.rom_func_lookup
                0x100015ec       0x10 CMakeFiles/hello_world.dir/home/komlan/pico-sdk/src/rp2_common/pico_bootrom/bootrom.c.o
                0x100015ec                rom_func_lookup
 .text.rom_data_lookup
                0x100015fc       0x10 CMakeFiles/hello_world.dir/home/komlan/pico-sdk/src/rp2_common/pico_bootrom/bootrom.c.o
                0x100015fc                rom_data_lookup
 .text.rom_funcs_lookup
                0x1000160c       0x36 CMakeFiles/hello_world.dir/home/komlan/pico-sdk/src/rp2_common/pico_bootrom/bootrom.c.o
                0x1000160c                rom_funcs_lookup
 *fill*         0x10001642        0x2 
 .text.rom_reset_usb_boot_extra
                0x10001644       0x24 CMakeFiles/hello_world.dir/home/komlan/pico-sdk/src/rp2_common/pico_bootrom/bootrom.c.o
                0x10001644                rom_reset_usb_boot_extra
 .text.xosc_init
                0x10001668       0x2c CMakeFiles/hello_world.dir/home/komlan/pico-sdk/src/rp2_common/hardware_xosc/xosc.c.o
                0x10001668                xosc_init
 .text.runtime_run_initializers_from
                0x10001694       0x18 CMakeFiles/hello_world.dir/home/komlan/pico-sdk/src/rp2_common/pico_runtime/runtime.c.o
 .text.first_per_core_initializer
                0x100016ac        0x2 CMakeFiles/hello_world.dir/home/komlan/pico-sdk/src/rp2_common/pico_runtime/runtime.c.o
 *fill*         0x100016ae        0x2 
 .text.runtime_run_initializers
                0x100016b0       0x10 CMakeFiles/hello_world.dir/home/komlan/pico-sdk/src/rp2_common/pico_runtime/runtime.c.o
                0x100016b0                runtime_run_initializers
 .text.runtime_init_early_resets
                0x100016c0       0x2c CMakeFiles/hello_world.dir/home/komlan/pico-sdk/src/rp2_common/pico_runtime_init/runtime_init.c.o
                0x100016c0                runtime_init_early_resets
 .text.runtime_init_usb_power_down
                0x100016ec       0x1c CMakeFiles/hello_world.dir/home/komlan/pico-sdk/src/rp2_common/pico_runtime_init/runtime_init.c.o
                0x100016ec                runtime_init_usb_power_down
 .text.runtime_init_post_clock_resets
                0x10001708       0x20 CMakeFiles/hello_world.dir/home/komlan/pico-sdk/src/rp2_common/pico_runtime_init/runtime_init.c.o
                0x10001708                runtime_init_post_clock_resets
 .text.runtime_init_rp2040_gpio_ie_disable
                0x10001728       0x14 CMakeFiles/hello_world.dir/home/komlan/pico-sdk/src/rp2_common/pico_runtime_init/runtime_init.c.o
                0x10001728                runtime_init_rp2040_gpio_ie_disable
 .text.runtime_init_spin_locks_reset
                0x1000173c        0x8 CMakeFiles/hello_world.dir/home/komlan/pico-sdk/src/rp2_common/pico_runtime_init/runtime_init.c.o
                0x1000173c                runtime_init_spin_locks_reset
 .text.runtime_init_install_ram_vector_table
                0x10001744       0x1c CMakeFiles/hello_world.dir/home/komlan/pico-sdk/src/rp2_common/pico_runtime_init/runtime_init.c.o
                0x10001744                runtime_init_install_ram_vector_table
 .text.start_all_ticks
                0x10001760       0x28 CMakeFiles/hello_world.dir/home/komlan/pico-sdk/src/rp2_common/pico_runtime_init/runtime_init_clocks.c.o
 .text.runtime_init_clocks
                0x10001788       0xcc CMakeFiles/hello_world.dir/home/komlan/pico-sdk/src/rp2_common/pico_runtime_init/runtime_init_clocks.c.o
                0x10001788                runtime_init_clocks
 .text          0x10001854       0x10 CMakeFiles/hello_world.dir/home/komlan/pico-sdk/src/rp2_common/pico_bit_ops/bit_ops_aeabi.S.o
 .text.__wrap___aeabi_idiv
                0x10001864       0x50 CMakeFiles/hello_world.dir/home/komlan/pico-sdk/src/rp2_common/pico_divider/divider_hardware.S.o
                0x10001864                __wrap___aeabi_idivmod
                0x10001864                divmod_s32s32
                0x10001864                div_s32s32
                0x10001864                __wrap___aeabi_idiv
                0x1000186c                divmod_s32s32_unsafe
                0x10001898                divmod_s32s32_savestate
 .text.__wrap___aeabi_uidiv
                0x100018b4       0x4c CMakeFiles/hello_world.dir/home/komlan/pico-sdk/src/rp2_common/pico_divider/divider_hardware.S.o
                0x100018b4                __wrap___aeabi_uidiv
                0x100018b4                __wrap___aeabi_uidivmod
                0x100018b4                div_u32u32
                0x100018b4                divmod_u32u32
                0x100018bc                divmod_u32u32_unsafe
                0x100018e4                divmod_u32u32_savestate
 .text.__wrap___aeabi_ldiv
                0x10001900      0x424 CMakeFiles/hello_world.dir/home/komlan/pico-sdk/src/rp2_common/pico_divider/divider_hardware.S.o
                0x10001900                div_s64s64
                0x10001900                divmod_s64s64
                0x10001900                __wrap___aeabi_ldivmod
                0x10001930                div_u64u64
                0x10001930                divmod_u64u64
                0x10001930                __wrap___aeabi_uldivmod
                0x10001940                divmod_u64u64_savestate
                0x10001960                divmod_s64s64_unsafe
                0x100019e8                divmod_u64u64_unsafe
 .text.__wrap___aeabi_darithmetic
                0x10001d24       0x80 CMakeFiles/hello_world.dir/home/komlan/pico-sdk/src/rp2_common/pico_double/double_aeabi_rp2040.S.o
                0x10001d24                __wrap___aeabi_drsub
                0x10001d2a                __wrap___aeabi_dsub
                0x10001d3c                __wrap___aeabi_dadd
                0x10001d4e                __wrap___aeabi_ddiv
                0x10001d8a                __wrap___aeabi_dmul
 .text.__wrap___aeabi_cdcmple
                0x10001da4       0x6c CMakeFiles/hello_world.dir/home/komlan/pico-sdk/src/rp2_common/pico_double/double_aeabi_rp2040.S.o
                0x10001da4                __wrap___aeabi_cdrcmple
                0x10001db4                __wrap___aeabi_cdcmple
                0x10001db4                __wrap___aeabi_cdcmpeq
 .text.__wrap___aeabi_dcmplt
                0x10001e10        0xc CMakeFiles/hello_world.dir/home/komlan/pico-sdk/src/rp2_common/pico_double/double_aeabi_rp2040.S.o
                0x10001e10                __wrap___aeabi_dcmplt
 .text.__wrap___aeabi_dcmple
                0x10001e1c       0x10 CMakeFiles/hello_world.dir/home/komlan/pico-sdk/src/rp2_common/pico_double/double_aeabi_rp2040.S.o
                0x10001e1c                __wrap___aeabi_dcmple
 .text.__wrap___aeabi_dcmpge
                0x10001e2c       0x10 CMakeFiles/hello_world.dir/home/komlan/pico-sdk/src/rp2_common/pico_double/double_aeabi_rp2040.S.o
                0x10001e2c                __wrap___aeabi_dcmpge
 .text.__wrap___aeabi_dcmpgt
                0x10001e3c        0xa CMakeFiles/hello_world.dir/home/komlan/pico-sdk/src/rp2_common/pico_double/double_aeabi_rp2040.S.o
                0x10001e3c                __wrap___aeabi_dcmpgt
 .text.__wrap___aeabi_dcmpun
                0x10001e46       0x18 CMakeFiles/hello_world.dir/home/komlan/pico-sdk/src/rp2_common/pico_double/double_aeabi_rp2040.S.o
                0x10001e46                __wrap___aeabi_dcmpun
 *fill*         0x10001e5e        0x2 
 .text.__wrap___aeabi_i2d
                0x10001e60       0x38 CMakeFiles/hello_world.dir/home/komlan/pico-sdk/src/rp2_common/pico_double/double_aeabi_rp2040.S.o
                0x10001e60                __wrap___aeabi_ui2d
                0x10001e60                uint2double
                0x10001e68                __wrap___aeabi_i2d
                0x10001e68                int2double
 .text.__wrap___aeabi_d2iz
                0x10001e98       0x48 CMakeFiles/hello_world.dir/home/komlan/pico-sdk/src/rp2_common/pico_double/double_aeabi_rp2040.S.o
                0x10001e98                __wrap___aeabi_d2iz
                0x10001e98                double2int_z
 .text.__wrap___aeabi_d2uiz
                0x10001ee0       0x18 CMakeFiles/hello_world.dir/home/komlan/pico-sdk/src/rp2_common/pico_double/double_aeabi_rp2040.S.o
                0x10001ee0                double2uint_z
                0x10001ee0                double2uint
                0x10001ee0                __wrap___aeabi_d2uiz
 .text.__aeabi_double_init
                0x10001ef8       0xcc CMakeFiles/hello_world.dir/home/komlan/pico-sdk/src/rp2_common/pico_double/double_init_rom_rp2040.c.o
                0x10001ef8                __aeabi_double_init
 .text.double_table_shim_on_use_helper
                0x10001fc4       0x34 CMakeFiles/hello_world.dir/home/komlan/pico-sdk/src/rp2_common/pico_double/double_v1_rom_shim_rp2040.S.o
                0x10001fc4                double_table_shim_on_use_helper
 .text.__wrap___aeabi_dsub
                0x10001ff8       0x10 CMakeFiles/hello_world.dir/home/komlan/pico-sdk/src/rp2_common/pico_double/double_v1_rom_shim_rp2040.S.o
                0x10001ff8                drsub_shim
                0x10001ffe                dsub_shim
 .text.dadd_shim
                0x10002008      0x15c CMakeFiles/hello_world.dir/home/komlan/pico-sdk/src/rp2_common/pico_double/double_v1_rom_shim_rp2040.S.o
                0x10002008                dadd_shim
 .text.dmul_shim
                0x10002164      0x15c CMakeFiles/hello_world.dir/home/komlan/pico-sdk/src/rp2_common/pico_double/double_v1_rom_shim_rp2040.S.o
                0x10002164                dmul_shim
 .text.ddiv_shim
                0x100022c0      0x1b0 CMakeFiles/hello_world.dir/home/komlan/pico-sdk/src/rp2_common/pico_double/double_v1_rom_shim_rp2040.S.o
                0x100022c0                ddiv_shim
 .text.double2uint_shim
                0x10002470        0xe CMakeFiles/hello_world.dir/home/komlan/pico-sdk/src/rp2_common/pico_double/double_v1_rom_shim_rp2040.S.o
                0x10002470                double2uint_shim
                0x10002472                double2ufix_shim
 *fill*         0x1000247e        0x2 
 .text.double2uint64_shim
                0x10002480       0x70 CMakeFiles/hello_world.dir/home/komlan/pico-sdk/src/rp2_common/pico_double/double_v1_rom_shim_rp2040.S.o
                0x10002480                double2uint64_shim
                0x10002482                double2ufix64_shim
                0x100024a2                d2fix_a
 .text.dunpacks
                0x100024f0       0x3c CMakeFiles/hello_world.dir/home/komlan/pico-sdk/src/rp2_common/pico_double/double_v1_rom_shim_rp2040.S.o
                0x100024f0                dunpacks
 .text.__aeabi_lmul
                0x1000252c       0x32 CMakeFiles/hello_world.dir/home/komlan/pico-sdk/src/rp2_common/pico_int64_ops/pico_int64_ops_aeabi.S.o
                0x1000252c                __wrap___aeabi_lmul
 *fill*         0x1000255e        0x2 
 .text.__aeabi_float_init
                0x10002560       0xfc CMakeFiles/hello_world.dir/home/komlan/pico-sdk/src/rp2_common/pico_float/float_init_rom_rp2040.c.o
                0x10002560                __aeabi_float_init
 .text.float_table_shim_on_use_helper
                0x1000265c       0x34 CMakeFiles/hello_world.dir/home/komlan/pico-sdk/src/rp2_common/pico_float/float_v1_rom_shim_rp2040.S.o
                0x1000265c                float_table_shim_on_use_helper
 .text          0x10002690       0x10 CMakeFiles/hello_world.dir/home/komlan/pico-sdk/src/rp2_common/pico_mem_ops/mem_ops_aeabi.S.o
                0x10002690                __aeabi_mem_init
 .text.memset   0x100026a0        0xc CMakeFiles/hello_world.dir/home/komlan/pico-sdk/src/rp2_common/pico_mem_ops/mem_ops_aeabi.S.o
                0x100026a0                __wrap_memset
 .text.memcpy   0x100026ac        0xc CMakeFiles/hello_world.dir/home/komlan/pico-sdk/src/rp2_common/pico_mem_ops/mem_ops_aeabi.S.o
                0x100026ac                __wrap___aeabi_memcpy
                0x100026ac                __wrap_memcpy
 .text._out_null
                0x100026b8        0x2 CMakeFiles/hello_world.dir/home/komlan/pico-sdk/src/rp2_common/pico_printf/printf.c.o
 .text._out_fct
                0x100026ba        0xe CMakeFiles/hello_world.dir/home/komlan/pico-sdk/src/rp2_common/pico_printf/printf.c.o
 .text._atoi    0x100026c8       0x24 CMakeFiles/hello_world.dir/home/komlan/pico-sdk/src/rp2_common/pico_printf/printf.c.o
 .text._out_rev
                0x100026ec       0xae CMakeFiles/hello_world.dir/home/komlan/pico-sdk/src/rp2_common/pico_printf/printf.c.o
 .text._ntoa_format
                0x1000279a      0x110 CMakeFiles/hello_world.dir/home/komlan/pico-sdk/src/rp2_common/pico_printf/printf.c.o
 .text._ntoa_long
                0x100028aa       0xbc CMakeFiles/hello_world.dir/home/komlan/pico-sdk/src/rp2_common/pico_printf/printf.c.o
 .text._ntoa_long_long
                0x10002966      0x10e CMakeFiles/hello_world.dir/home/komlan/pico-sdk/src/rp2_common/pico_printf/printf.c.o
 .text._etoa    0x10002a74      0x420 CMakeFiles/hello_world.dir/home/komlan/pico-sdk/src/rp2_common/pico_printf/printf.c.o
 .text._ftoa    0x10002e94      0x354 CMakeFiles/hello_world.dir/home/komlan/pico-sdk/src/rp2_common/pico_printf/printf.c.o
 .text._vsnprintf
                0x100031e8      0x668 CMakeFiles/hello_world.dir/home/komlan/pico-sdk/src/rp2_common/pico_printf/printf.c.o
 .text.vfctprintf
                0x10003850       0x20 CMakeFiles/hello_world.dir/home/komlan/pico-sdk/src/rp2_common/pico_printf/printf.c.o
                0x10003850                vfctprintf
 .text._exit    0x10003870        0x4 CMakeFiles/hello_world.dir/home/komlan/pico-sdk/src/rp2_common/pico_clib_interface/newlib_interface.c.o
                0x10003870                _exit
 .text.exit     0x10003874        0x6 CMakeFiles/hello_world.dir/home/komlan/pico-sdk/src/rp2_common/pico_clib_interface/newlib_interface.c.o
                0x10003874                exit
 *fill*         0x1000387a        0x2 
 .text.__assert_func
                0x1000387c       0x38 CMakeFiles/hello_world.dir/home/komlan/pico-sdk/src/rp2_common/pico_clib_interface/newlib_interface.c.o
                0x1000387c                __assert_func
 .text.runtime_init
                0x100038b4       0x28 CMakeFiles/hello_world.dir/home/komlan/pico-sdk/src/rp2_common/pico_clib_interface/newlib_interface.c.o
                0x100038b4                runtime_init
 .text.stdio_out_chars_no_crlf
                0x100038dc        0xe CMakeFiles/hello_world.dir/home/komlan/pico-sdk/src/rp2_common/pico_stdio/stdio.c.o
 *fill*         0x100038ea        0x2 
 .text.stdio_out_chars_crlf
                0x100038ec       0x80 CMakeFiles/hello_world.dir/home/komlan/pico-sdk/src/rp2_common/pico_stdio/stdio.c.o
 .text.stdio_stack_buffer_flush
                0x1000396c       0x44 CMakeFiles/hello_world.dir/home/komlan/pico-sdk/src/rp2_common/pico_stdio/stdio.c.o
 .text.stdio_buffered_printer
                0x100039b0       0x20 CMakeFiles/hello_world.dir/home/komlan/pico-sdk/src/rp2_common/pico_stdio/stdio.c.o
 .text.stdout_serialize_begin
                0x100039d0       0x30 CMakeFiles/hello_world.dir/home/komlan/pico-sdk/src/rp2_common/pico_stdio/stdio.c.o
                0x100039d0                stdout_serialize_begin
 .text.stdout_serialize_end
                0x10003a00       0x10 CMakeFiles/hello_world.dir/home/komlan/pico-sdk/src/rp2_common/pico_stdio/stdio.c.o
                0x10003a00                stdout_serialize_end
 .text.stdio_put_string
                0x10003a10       0x94 CMakeFiles/hello_world.dir/home/komlan/pico-sdk/src/rp2_common/pico_stdio/stdio.c.o
                0x10003a10                stdio_put_string
 .text.stdio_set_driver_enabled
                0x10003aa4       0x2c CMakeFiles/hello_world.dir/home/komlan/pico-sdk/src/rp2_common/pico_stdio/stdio.c.o
                0x10003aa4                stdio_set_driver_enabled
 .text.stdio_flush
                0x10003ad0       0x20 CMakeFiles/hello_world.dir/home/komlan/pico-sdk/src/rp2_common/pico_stdio/stdio.c.o
                0x10003ad0                stdio_flush
 .text.stdio_init_all
                0x10003af0        0x8 CMakeFiles/hello_world.dir/home/komlan/pico-sdk/src/rp2_common/pico_stdio/stdio.c.o
                0x10003af0                stdio_init_all
 .text.__wrap_puts
                0x10003af8       0x1e CMakeFiles/hello_world.dir/home/komlan/pico-sdk/src/rp2_common/pico_stdio/stdio.c.o
                0x10003af8                __wrap_puts
                0x10003af8                stdio_puts
 *fill*         0x10003b16        0x2 
 .text.__wrap_vprintf
                0x10003b18       0x40 CMakeFiles/hello_world.dir/home/komlan/pico-sdk/src/rp2_common/pico_stdio/stdio.c.o
                0x10003b18                __wrap_vprintf
                0x10003b18                stdio_vprintf
 .text.__wrap_printf
                0x10003b58       0x18 CMakeFiles/hello_world.dir/home/komlan/pico-sdk/src/rp2_common/pico_stdio/stdio.c.o
                0x10003b58                stdio_printf
                0x10003b58                __wrap_printf
 .text.resetd_init
                0x10003b70        0x2 CMakeFiles/hello_world.dir/home/komlan/pico-sdk/src/rp2_common/pico_stdio_usb/reset_interface.c.o
 *fill*         0x10003b72        0x2 
 .text.resetd_reset
                0x10003b74        0xc CMakeFiles/hello_world.dir/home/komlan/pico-sdk/src/rp2_common/pico_stdio_usb/reset_interface.c.o
 .text.resetd_open
                0x10003b80       0x34 CMakeFiles/hello_world.dir/home/komlan/pico-sdk/src/rp2_common/pico_stdio_usb/reset_interface.c.o
 .text.resetd_xfer_cb
                0x10003bb4        0x4 CMakeFiles/hello_world.dir/home/komlan/pico-sdk/src/rp2_common/pico_stdio_usb/reset_interface.c.o
 .text.resetd_control_xfer_cb
                0x10003bb8       0x60 CMakeFiles/hello_world.dir/home/komlan/pico-sdk/src/rp2_common/pico_stdio_usb/reset_interface.c.o
 .text.tud_descriptor_bos_cb
                0x10003c18        0x8 CMakeFiles/hello_world.dir/home/komlan/pico-sdk/src/rp2_common/pico_stdio_usb/reset_interface.c.o
                0x10003c18                tud_descriptor_bos_cb
 .text.tud_vendor_control_xfer_cb
                0x10003c20       0x38 CMakeFiles/hello_world.dir/home/komlan/pico-sdk/src/rp2_common/pico_stdio_usb/reset_interface.c.o
                0x10003c20                tud_vendor_control_xfer_cb
 .text.usbd_app_driver_get_cb
                0x10003c58        0xc CMakeFiles/hello_world.dir/home/komlan/pico-sdk/src/rp2_common/pico_stdio_usb/reset_interface.c.o
                0x10003c58                usbd_app_driver_get_cb
 .text.tud_cdc_line_coding_cb
                0x10003c64       0x2c CMakeFiles/hello_world.dir/home/komlan/pico-sdk/src/rp2_common/pico_stdio_usb/reset_interface.c.o
                0x10003c64                tud_cdc_line_coding_cb
 .text.stdio_usb_set_chars_available_callback
                0x10003c90       0x14 CMakeFiles/hello_world.dir/home/komlan/pico-sdk/src/rp2_common/pico_stdio_usb/stdio_usb.c.o
                0x10003c90                stdio_usb_set_chars_available_callback
 .text.stdio_usb_out_flush
                0x10003ca4       0x4c CMakeFiles/hello_world.dir/home/komlan/pico-sdk/src/rp2_common/pico_stdio_usb/stdio_usb.c.o
 .text.usb_irq  0x10003cf0       0x10 CMakeFiles/hello_world.dir/home/komlan/pico-sdk/src/rp2_common/pico_stdio_usb/stdio_usb.c.o
 .text.critical_section_enter_blocking
                0x10003d00       0x16 CMakeFiles/hello_world.dir/home/komlan/pico-sdk/src/rp2_common/pico_stdio_usb/stdio_usb.c.o
 *fill*         0x10003d16        0x2 
 .text.timer_task
                0x10003d18       0x60 CMakeFiles/hello_world.dir/home/komlan/pico-sdk/src/rp2_common/pico_stdio_usb/stdio_usb.c.o
 .text.alarm_pool_add_alarm_in_us
                0x10003d78       0x40 CMakeFiles/hello_world.dir/home/komlan/pico-sdk/src/rp2_common/pico_stdio_usb/stdio_usb.c.o
 .text.add_alarm_in_us
                0x10003db8       0x2e CMakeFiles/hello_world.dir/home/komlan/pico-sdk/src/rp2_common/pico_stdio_usb/stdio_usb.c.o
 *fill*         0x10003de6        0x2 
 .text.low_priority_worker_irq
                0x10003de8       0xa0 CMakeFiles/hello_world.dir/home/komlan/pico-sdk/src/rp2_common/pico_stdio_usb/stdio_usb.c.o
 .text.stdio_usb_init
                0x10003e88       0xe0 CMakeFiles/hello_world.dir/home/komlan/pico-sdk/src/rp2_common/pico_stdio_usb/stdio_usb.c.o
                0x10003e88                stdio_usb_init
 .text.stdio_usb_connected
                0x10003f68        0xa CMakeFiles/hello_world.dir/home/komlan/pico-sdk/src/rp2_common/pico_stdio_usb/stdio_usb.c.o
                0x10003f68                stdio_usb_connected
 *fill*         0x10003f72        0x2 
 .text.stdio_usb_in_chars
                0x10003f74       0x98 CMakeFiles/hello_world.dir/home/komlan/pico-sdk/src/rp2_common/pico_stdio_usb/stdio_usb.c.o
                0x10003f74                stdio_usb_in_chars
 .text.stdio_usb_out_chars
                0x1000400c       0xe8 CMakeFiles/hello_world.dir/home/komlan/pico-sdk/src/rp2_common/pico_stdio_usb/stdio_usb.c.o
 .text.tud_descriptor_device_cb
                0x100040f4        0x8 CMakeFiles/hello_world.dir/home/komlan/pico-sdk/src/rp2_common/pico_stdio_usb/stdio_usb_descriptors.c.o
                0x100040f4                tud_descriptor_device_cb
 .text.tud_descriptor_configuration_cb
                0x100040fc        0x8 CMakeFiles/hello_world.dir/home/komlan/pico-sdk/src/rp2_common/pico_stdio_usb/stdio_usb_descriptors.c.o
                0x100040fc                tud_descriptor_configuration_cb
 .text.tud_descriptor_string_cb
                0x10004104       0x6c CMakeFiles/hello_world.dir/home/komlan/pico-sdk/src/rp2_common/pico_stdio_usb/stdio_usb_descriptors.c.o
                0x10004104                tud_descriptor_string_cb
 .text._retrieve_unique_id_on_boot
                0x10004170       0x10 CMakeFiles/hello_world.dir/home/komlan/pico-sdk/src/rp2_common/pico_unique_id/unique_id.c.o
 .text.pico_get_unique_board_id_string
                0x10004180       0x5c CMakeFiles/hello_world.dir/home/komlan/pico-sdk/src/rp2_common/pico_unique_id/unique_id.c.o
                0x10004180                pico_get_unique_board_id_string
 .text.flash_get_unique_id
                0x100041dc       0x40 CMakeFiles/hello_world.dir/home/komlan/pico-sdk/src/rp2_common/hardware_flash/flash.c.o
                0x100041dc                flash_get_unique_id
 .text.hw_endpoint_init
                0x1000421c       0xbc CMakeFiles/hello_world.dir/home/komlan/pico-sdk/lib/tinyusb/src/portable/raspberrypi/rp2040/dcd_rp2040.c.o
 .text.hw_endpoint_alloc
                0x100042d8       0x48 CMakeFiles/hello_world.dir/home/komlan/pico-sdk/lib/tinyusb/src/portable/raspberrypi/rp2040/dcd_rp2040.c.o
 .text.hw_endpoint_open
                0x10004320       0x50 CMakeFiles/hello_world.dir/home/komlan/pico-sdk/lib/tinyusb/src/portable/raspberrypi/rp2040/dcd_rp2040.c.o
 .text.hw_endpoint_xfer
                0x10004370       0x20 CMakeFiles/hello_world.dir/home/komlan/pico-sdk/lib/tinyusb/src/portable/raspberrypi/rp2040/dcd_rp2040.c.o
 .text.dcd_int_enable
                0x10004390       0x2c CMakeFiles/hello_world.dir/home/komlan/pico-sdk/lib/tinyusb/src/portable/raspberrypi/rp2040/dcd_rp2040.c.o
                0x10004390                dcd_int_enable
 .text.dcd_set_address
                0x100043bc       0x2c CMakeFiles/hello_world.dir/home/komlan/pico-sdk/lib/tinyusb/src/portable/raspberrypi/rp2040/dcd_rp2040.c.o
                0x100043bc                dcd_set_address
 .text.dcd_connect
                0x100043e8       0x10 CMakeFiles/hello_world.dir/home/komlan/pico-sdk/lib/tinyusb/src/portable/raspberrypi/rp2040/dcd_rp2040.c.o
                0x100043e8                dcd_connect
 .text.dcd_init
                0x100043f8       0x80 CMakeFiles/hello_world.dir/home/komlan/pico-sdk/lib/tinyusb/src/portable/raspberrypi/rp2040/dcd_rp2040.c.o
                0x100043f8                dcd_init
 .text.dcd_sof_enable
                0x10004478       0x1c CMakeFiles/hello_world.dir/home/komlan/pico-sdk/lib/tinyusb/src/portable/raspberrypi/rp2040/dcd_rp2040.c.o
                0x10004478                dcd_sof_enable
 .text.dcd_edpt0_status_complete
                0x10004494       0x1c CMakeFiles/hello_world.dir/home/komlan/pico-sdk/lib/tinyusb/src/portable/raspberrypi/rp2040/dcd_rp2040.c.o
                0x10004494                dcd_edpt0_status_complete
 .text.dcd_edpt_open
                0x100044b0       0x26 CMakeFiles/hello_world.dir/home/komlan/pico-sdk/lib/tinyusb/src/portable/raspberrypi/rp2040/dcd_rp2040.c.o
                0x100044b0                dcd_edpt_open
 .text.dcd_edpt_close_all
                0x100044d6        0x8 CMakeFiles/hello_world.dir/home/komlan/pico-sdk/lib/tinyusb/src/portable/raspberrypi/rp2040/dcd_rp2040.c.o
                0x100044d6                dcd_edpt_close_all
 *fill*         0x100044de        0x2 
 .text.dcd_edpt_xfer
                0x100044e0       0x30 CMakeFiles/hello_world.dir/home/komlan/pico-sdk/lib/tinyusb/src/portable/raspberrypi/rp2040/dcd_rp2040.c.o
                0x100044e0                dcd_edpt_xfer
 .text.dcd_edpt_stall
                0x10004510       0x3c CMakeFiles/hello_world.dir/home/komlan/pico-sdk/lib/tinyusb/src/portable/raspberrypi/rp2040/dcd_rp2040.c.o
                0x10004510                dcd_edpt_stall
 .text.dcd_edpt_clear_stall
                0x1000454c       0x30 CMakeFiles/hello_world.dir/home/komlan/pico-sdk/lib/tinyusb/src/portable/raspberrypi/rp2040/dcd_rp2040.c.o
                0x1000454c                dcd_edpt_clear_stall
 .text.unaligned_memcpy
                0x1000457c       0x14 CMakeFiles/hello_world.dir/home/komlan/pico-sdk/lib/tinyusb/src/portable/raspberrypi/rp2040/rp2040_usb.c.o
 .text.rp2040_usb_init
                0x10004590       0x44 CMakeFiles/hello_world.dir/home/komlan/pico-sdk/lib/tinyusb/src/portable/raspberrypi/rp2040/rp2040_usb.c.o
                0x10004590                rp2040_usb_init
 .text.hw_endpoint_xfer_start
                0x100045d4       0x60 CMakeFiles/hello_world.dir/home/komlan/pico-sdk/lib/tinyusb/src/portable/raspberrypi/rp2040/rp2040_usb.c.o
                0x100045d4                hw_endpoint_xfer_start
 .text.configuration_reset
                0x10004634       0x84 CMakeFiles/hello_world.dir/home/komlan/pico-sdk/lib/tinyusb/src/device/usbd.c.o
 .text.critical_section_enter_blocking
                0x100046b8       0x16 CMakeFiles/hello_world.dir/home/komlan/pico-sdk/lib/tinyusb/src/device/usbd.c.o
 .text.usbd_reset
                0x100046ce        0xc CMakeFiles/hello_world.dir/home/komlan/pico-sdk/lib/tinyusb/src/device/usbd.c.o
 .text.invoke_class_control
                0x100046da       0x1a CMakeFiles/hello_world.dir/home/komlan/pico-sdk/lib/tinyusb/src/device/usbd.c.o
 .text.process_set_config
                0x100046f4      0x1b0 CMakeFiles/hello_world.dir/home/komlan/pico-sdk/lib/tinyusb/src/device/usbd.c.o
 .text.tud_event_hook_cb
                0x100048a4        0x2 CMakeFiles/hello_world.dir/home/komlan/pico-sdk/lib/tinyusb/src/device/usbd.c.o
                0x100048a4                tud_event_hook_cb
 .text.tud_sof_cb
                0x100048a6        0x2 CMakeFiles/hello_world.dir/home/komlan/pico-sdk/lib/tinyusb/src/device/usbd.c.o
                0x100048a6                tud_sof_cb
 .text.tud_descriptor_device_qualifier_cb
                0x100048a8        0x4 CMakeFiles/hello_world.dir/home/komlan/pico-sdk/lib/tinyusb/src/device/usbd.c.o
                0x100048a8                tud_descriptor_device_qualifier_cb
 .text.tud_descriptor_other_speed_configuration_cb
                0x100048ac        0x4 CMakeFiles/hello_world.dir/home/komlan/pico-sdk/lib/tinyusb/src/device/usbd.c.o
                0x100048ac                tud_descriptor_other_speed_configuration_cb
 .text.process_get_descriptor
                0x100048b0       0xe0 CMakeFiles/hello_world.dir/home/komlan/pico-sdk/lib/tinyusb/src/device/usbd.c.o
 .text.tud_mount_cb
                0x10004990        0x2 CMakeFiles/hello_world.dir/home/komlan/pico-sdk/lib/tinyusb/src/device/usbd.c.o
                0x10004990                tud_mount_cb
 .text.tud_umount_cb
                0x10004992        0x2 CMakeFiles/hello_world.dir/home/komlan/pico-sdk/lib/tinyusb/src/device/usbd.c.o
                0x10004992                tud_umount_cb
 .text.tud_suspend_cb
                0x10004994        0x2 CMakeFiles/hello_world.dir/home/komlan/pico-sdk/lib/tinyusb/src/device/usbd.c.o
                0x10004994                tud_suspend_cb
 .text.tud_resume_cb
                0x10004996        0x2 CMakeFiles/hello_world.dir/home/komlan/pico-sdk/lib/tinyusb/src/device/usbd.c.o
                0x10004996                tud_resume_cb
 .text.tud_mounted
                0x10004998       0x10 CMakeFiles/hello_world.dir/home/komlan/pico-sdk/lib/tinyusb/src/device/usbd.c.o
                0x10004998                tud_mounted
 .text.tud_suspended
                0x100049a8       0x10 CMakeFiles/hello_world.dir/home/komlan/pico-sdk/lib/tinyusb/src/device/usbd.c.o
                0x100049a8                tud_suspended
 .text.tud_inited
                0x100049b8       0x14 CMakeFiles/hello_world.dir/home/komlan/pico-sdk/lib/tinyusb/src/device/usbd.c.o
                0x100049b8                tud_inited
 .text.tud_rhport_init
                0x100049cc      0x100 CMakeFiles/hello_world.dir/home/komlan/pico-sdk/lib/tinyusb/src/device/usbd.c.o
                0x100049cc                tud_rhport_init
 .text.usbd_edpt_open
                0x10004acc       0x60 CMakeFiles/hello_world.dir/home/komlan/pico-sdk/lib/tinyusb/src/device/usbd.c.o
                0x10004acc                usbd_edpt_open
 .text.usbd_open_edpt_pair
                0x10004b2c       0x88 CMakeFiles/hello_world.dir/home/komlan/pico-sdk/lib/tinyusb/src/device/usbd.c.o
                0x10004b2c                usbd_open_edpt_pair
 .text.usbd_edpt_claim
                0x10004bb4       0x28 CMakeFiles/hello_world.dir/home/komlan/pico-sdk/lib/tinyusb/src/device/usbd.c.o
                0x10004bb4                usbd_edpt_claim
 .text.usbd_edpt_release
                0x10004bdc       0x28 CMakeFiles/hello_world.dir/home/komlan/pico-sdk/lib/tinyusb/src/device/usbd.c.o
                0x10004bdc                usbd_edpt_release
 .text.usbd_edpt_xfer
                0x10004c04       0x88 CMakeFiles/hello_world.dir/home/komlan/pico-sdk/lib/tinyusb/src/device/usbd.c.o
                0x10004c04                usbd_edpt_xfer
 .text.usbd_edpt_stall
                0x10004c8c       0x34 CMakeFiles/hello_world.dir/home/komlan/pico-sdk/lib/tinyusb/src/device/usbd.c.o
                0x10004c8c                usbd_edpt_stall
 .text.usbd_edpt_clear_stall
                0x10004cc0       0x34 CMakeFiles/hello_world.dir/home/komlan/pico-sdk/lib/tinyusb/src/device/usbd.c.o
                0x10004cc0                usbd_edpt_clear_stall
 .text.usbd_edpt_stalled
                0x10004cf4       0x1c CMakeFiles/hello_world.dir/home/komlan/pico-sdk/lib/tinyusb/src/device/usbd.c.o
                0x10004cf4                usbd_edpt_stalled
 .text.process_control_request
                0x10004d10      0x38c CMakeFiles/hello_world.dir/home/komlan/pico-sdk/lib/tinyusb/src/device/usbd.c.o
 .text.tud_task_ext
                0x1000509c      0x1c4 CMakeFiles/hello_world.dir/home/komlan/pico-sdk/lib/tinyusb/src/device/usbd.c.o
                0x1000509c                tud_task_ext
 .text.status_stage_xact
                0x10005260       0x1a CMakeFiles/hello_world.dir/home/komlan/pico-sdk/lib/tinyusb/src/device/usbd_control.c.o
 *fill*         0x1000527a        0x2 
 .text.data_stage_xact
                0x1000527c       0x60 CMakeFiles/hello_world.dir/home/komlan/pico-sdk/lib/tinyusb/src/device/usbd_control.c.o
 .text.tud_control_status
                0x100052dc       0x28 CMakeFiles/hello_world.dir/home/komlan/pico-sdk/lib/tinyusb/src/device/usbd_control.c.o
                0x100052dc                tud_control_status
 .text.tud_control_xfer
                0x10005304       0x98 CMakeFiles/hello_world.dir/home/komlan/pico-sdk/lib/tinyusb/src/device/usbd_control.c.o
                0x10005304                tud_control_xfer
 .text.usbd_control_reset
                0x1000539c       0x14 CMakeFiles/hello_world.dir/home/komlan/pico-sdk/lib/tinyusb/src/device/usbd_control.c.o
                0x1000539c                usbd_control_reset
 .text.usbd_control_set_complete_callback
                0x100053b0        0xc CMakeFiles/hello_world.dir/home/komlan/pico-sdk/lib/tinyusb/src/device/usbd_control.c.o
                0x100053b0                usbd_control_set_complete_callback
 .text.usbd_control_set_request
                0x100053bc       0x1c CMakeFiles/hello_world.dir/home/komlan/pico-sdk/lib/tinyusb/src/device/usbd_control.c.o
                0x100053bc                usbd_control_set_request
 .text.usbd_control_xfer_cb
                0x100053d8       0xe0 CMakeFiles/hello_world.dir/home/komlan/pico-sdk/lib/tinyusb/src/device/usbd_control.c.o
                0x100053d8                usbd_control_xfer_cb
 .text._prep_out_transaction
                0x100054b8       0xa0 CMakeFiles/hello_world.dir/home/komlan/pico-sdk/lib/tinyusb/src/class/cdc/cdc_device.c.o
 .text.tud_cdc_n_connected
                0x10005558       0x38 CMakeFiles/hello_world.dir/home/komlan/pico-sdk/lib/tinyusb/src/class/cdc/cdc_device.c.o
                0x10005558                tud_cdc_n_connected
 .text.tud_cdc_n_available
                0x10005590       0x18 CMakeFiles/hello_world.dir/home/komlan/pico-sdk/lib/tinyusb/src/class/cdc/cdc_device.c.o
                0x10005590                tud_cdc_n_available
 .text.tud_cdc_n_read
                0x100055a8       0x38 CMakeFiles/hello_world.dir/home/komlan/pico-sdk/lib/tinyusb/src/class/cdc/cdc_device.c.o
                0x100055a8                tud_cdc_n_read
 .text.tud_cdc_n_write_flush
                0x100055e0       0xbc CMakeFiles/hello_world.dir/home/komlan/pico-sdk/lib/tinyusb/src/class/cdc/cdc_device.c.o
                0x100055e0                tud_cdc_n_write_flush
 .text.tud_cdc_n_write
                0x1000569c       0x48 CMakeFiles/hello_world.dir/home/komlan/pico-sdk/lib/tinyusb/src/class/cdc/cdc_device.c.o
                0x1000569c                tud_cdc_n_write
 .text.tud_cdc_n_write_available
                0x100056e4       0x18 CMakeFiles/hello_world.dir/home/komlan/pico-sdk/lib/tinyusb/src/class/cdc/cdc_device.c.o
                0x100056e4                tud_cdc_n_write_available
 .text.cdcd_init
                0x100056fc       0xac CMakeFiles/hello_world.dir/home/komlan/pico-sdk/lib/tinyusb/src/class/cdc/cdc_device.c.o
                0x100056fc                cdcd_init
 .text.cdcd_deinit
                0x100057a8       0x48 CMakeFiles/hello_world.dir/home/komlan/pico-sdk/lib/tinyusb/src/class/cdc/cdc_device.c.o
                0x100057a8                cdcd_deinit
 .text.cdcd_reset
                0x100057f0       0x70 CMakeFiles/hello_world.dir/home/komlan/pico-sdk/lib/tinyusb/src/class/cdc/cdc_device.c.o
                0x100057f0                cdcd_reset
 .text.cdcd_open
                0x10005860       0xec CMakeFiles/hello_world.dir/home/komlan/pico-sdk/lib/tinyusb/src/class/cdc/cdc_device.c.o
                0x10005860                cdcd_open
 .text.cdcd_control_xfer_cb
                0x1000594c      0x140 CMakeFiles/hello_world.dir/home/komlan/pico-sdk/lib/tinyusb/src/class/cdc/cdc_device.c.o
                0x1000594c                cdcd_control_xfer_cb
 .text.cdcd_xfer_cb
                0x10005a8c      0x148 CMakeFiles/hello_world.dir/home/komlan/pico-sdk/lib/tinyusb/src/class/cdc/cdc_device.c.o
                0x10005a8c                cdcd_xfer_cb
 .text.tud_vendor_n_mounted
                0x10005bd4       0x3c CMakeFiles/hello_world.dir/home/komlan/pico-sdk/lib/tinyusb/src/class/vendor/vendor_device.c.o
                0x10005bd4                tud_vendor_n_mounted
 .text.tud_vendor_n_write_flush
                0x10005c10       0x20 CMakeFiles/hello_world.dir/home/komlan/pico-sdk/lib/tinyusb/src/class/vendor/vendor_device.c.o
                0x10005c10                tud_vendor_n_write_flush
 .text.vendord_init
                0x10005c30       0x9c CMakeFiles/hello_world.dir/home/komlan/pico-sdk/lib/tinyusb/src/class/vendor/vendor_device.c.o
                0x10005c30                vendord_init
 .text.vendord_deinit
                0x10005ccc       0x34 CMakeFiles/hello_world.dir/home/komlan/pico-sdk/lib/tinyusb/src/class/vendor/vendor_device.c.o
                0x10005ccc                vendord_deinit
 .text.vendord_reset
                0x10005d00       0x50 CMakeFiles/hello_world.dir/home/komlan/pico-sdk/lib/tinyusb/src/class/vendor/vendor_device.c.o
                0x10005d00                vendord_reset
 .text.vendord_open
                0x10005d50      0x14c CMakeFiles/hello_world.dir/home/komlan/pico-sdk/lib/tinyusb/src/class/vendor/vendor_device.c.o
                0x10005d50                vendord_open
 .text.vendord_xfer_cb
                0x10005e9c       0xd8 CMakeFiles/hello_world.dir/home/komlan/pico-sdk/lib/tinyusb/src/class/vendor/vendor_device.c.o
                0x10005e9c                vendord_xfer_cb
 .text.tusb_rhport_init
                0x10005f74       0x7c CMakeFiles/hello_world.dir/home/komlan/pico-sdk/lib/tinyusb/src/tusb.c.o
                0x10005f74                tusb_rhport_init
 .text.tu_edpt_claim
                0x10005ff0       0x50 CMakeFiles/hello_world.dir/home/komlan/pico-sdk/lib/tinyusb/src/tusb.c.o
                0x10005ff0                tu_edpt_claim
 .text.tu_edpt_release
                0x10006040       0x38 CMakeFiles/hello_world.dir/home/komlan/pico-sdk/lib/tinyusb/src/tusb.c.o
                0x10006040                tu_edpt_release
 .text.tu_edpt_validate
                0x10006078       0xac CMakeFiles/hello_world.dir/home/komlan/pico-sdk/lib/tinyusb/src/tusb.c.o
                0x10006078                tu_edpt_validate
 .text.tu_edpt_bind_driver
                0x10006124       0x26 CMakeFiles/hello_world.dir/home/komlan/pico-sdk/lib/tinyusb/src/tusb.c.o
                0x10006124                tu_edpt_bind_driver
 .text.tu_edpt_stream_init
                0x1000614a       0x62 CMakeFiles/hello_world.dir/home/komlan/pico-sdk/lib/tinyusb/src/tusb.c.o
                0x1000614a                tu_edpt_stream_init
 .text.tu_edpt_stream_deinit
                0x100061ac        0x4 CMakeFiles/hello_world.dir/home/komlan/pico-sdk/lib/tinyusb/src/tusb.c.o
                0x100061ac                tu_edpt_stream_deinit
 .text.tu_edpt_stream_write_zlp_if_needed
                0x100061b0       0x80 CMakeFiles/hello_world.dir/home/komlan/pico-sdk/lib/tinyusb/src/tusb.c.o
                0x100061b0                tu_edpt_stream_write_zlp_if_needed
 .text.tu_edpt_stream_write_xfer
                0x10006230       0x84 CMakeFiles/hello_world.dir/home/komlan/pico-sdk/lib/tinyusb/src/tusb.c.o
                0x10006230                tu_edpt_stream_write_xfer
 .text.tu_edpt_stream_read_xfer
                0x100062b4       0xf4 CMakeFiles/hello_world.dir/home/komlan/pico-sdk/lib/tinyusb/src/tusb.c.o
                0x100062b4                tu_edpt_stream_read_xfer
 .text.advance_index
                0x100063a8       0x1a CMakeFiles/hello_world.dir/home/komlan/pico-sdk/lib/tinyusb/src/common/tusb_fifo.c.o
 .text._tu_fifo_peek
                0x100063c2       0x56 CMakeFiles/hello_world.dir/home/komlan/pico-sdk/lib/tinyusb/src/common/tusb_fifo.c.o
 .text._ff_pull_n
                0x10006418       0x68 CMakeFiles/hello_world.dir/home/komlan/pico-sdk/lib/tinyusb/src/common/tusb_fifo.c.o
 .text._tu_fifo_peek_n
                0x10006480       0x6a CMakeFiles/hello_world.dir/home/komlan/pico-sdk/lib/tinyusb/src/common/tusb_fifo.c.o
 .text._tu_fifo_read_n
                0x100064ea       0x4e CMakeFiles/hello_world.dir/home/komlan/pico-sdk/lib/tinyusb/src/common/tusb_fifo.c.o
 .text._ff_push_n
                0x10006538       0x68 CMakeFiles/hello_world.dir/home/komlan/pico-sdk/lib/tinyusb/src/common/tusb_fifo.c.o
 .text._tu_fifo_write_n
                0x100065a0       0xf0 CMakeFiles/hello_world.dir/home/komlan/pico-sdk/lib/tinyusb/src/common/tusb_fifo.c.o
 .text.tu_fifo_config
                0x10006690       0x7c CMakeFiles/hello_world.dir/home/komlan/pico-sdk/lib/tinyusb/src/common/tusb_fifo.c.o
                0x10006690                tu_fifo_config
 .text.tu_fifo_count
                0x1000670c       0x2a CMakeFiles/hello_world.dir/home/komlan/pico-sdk/lib/tinyusb/src/common/tusb_fifo.c.o
                0x1000670c                tu_fifo_count
 .text.tu_fifo_empty
                0x10006736        0xe CMakeFiles/hello_world.dir/home/komlan/pico-sdk/lib/tinyusb/src/common/tusb_fifo.c.o
                0x10006736                tu_fifo_empty
 .text.tu_fifo_full
                0x10006744       0x28 CMakeFiles/hello_world.dir/home/komlan/pico-sdk/lib/tinyusb/src/common/tusb_fifo.c.o
                0x10006744                tu_fifo_full
 .text.tu_fifo_remaining
                0x1000676c       0x2c CMakeFiles/hello_world.dir/home/komlan/pico-sdk/lib/tinyusb/src/common/tusb_fifo.c.o
                0x1000676c                tu_fifo_remaining
 .text.tu_fifo_read
                0x10006798       0x42 CMakeFiles/hello_world.dir/home/komlan/pico-sdk/lib/tinyusb/src/common/tusb_fifo.c.o
                0x10006798                tu_fifo_read
 .text.tu_fifo_read_n
                0x100067da        0xa CMakeFiles/hello_world.dir/home/komlan/pico-sdk/lib/tinyusb/src/common/tusb_fifo.c.o
                0x100067da                tu_fifo_read_n
 .text.tu_fifo_write
                0x100067e4       0x64 CMakeFiles/hello_world.dir/home/komlan/pico-sdk/lib/tinyusb/src/common/tusb_fifo.c.o
                0x100067e4                tu_fifo_write
 .text.tu_fifo_write_n
                0x10006848        0xa CMakeFiles/hello_world.dir/home/komlan/pico-sdk/lib/tinyusb/src/common/tusb_fifo.c.o
                0x10006848                tu_fifo_write_n
 .text.tu_fifo_clear
                0x10006852       0x3e CMakeFiles/hello_world.dir/home/komlan/pico-sdk/lib/tinyusb/src/common/tusb_fifo.c.o
                0x10006852                tu_fifo_clear
 .text.tu_fifo_set_overwritable
                0x10006890       0x46 CMakeFiles/hello_world.dir/home/komlan/pico-sdk/lib/tinyusb/src/common/tusb_fifo.c.o
                0x10006890                tu_fifo_set_overwritable
 *fill*         0x100068d6        0x2 
 .text          0x100068d8       0x10 /usr/lib/gcc/arm-none-eabi/13.2.1/../../../arm-none-eabi/lib/thumb/v6-m/nofp/libg.a(libc_a-atexit.o)
                0x100068d8                atexit
 .text          0x100068e8       0x5c /usr/lib/gcc/arm-none-eabi/13.2.1/../../../arm-none-eabi/lib/thumb/v6-m/nofp/libg.a(libc_a-strlen-stub.o)
                0x100068e8                strlen
 .text          0x10006944       0x28 /usr/lib/gcc/arm-none-eabi/13.2.1/../../../arm-none-eabi/lib/thumb/v6-m/nofp/libg.a(libc_a-fini.o)
                0x10006944                __libc_fini_array
 .text          0x1000696c       0x78 /usr/lib/gcc/arm-none-eabi/13.2.1/../../../arm-none-eabi/lib/thumb/v6-m/nofp/libg.a(libc_a-__atexit.o)
                0x1000696c                __register_exitproc
 .text.startup  0x100069e4       0x18 /usr/lib/gcc/arm-none-eabi/13.2.1/../../../arm-none-eabi/lib/thumb/v6-m/nofp/libg.a(libc_a-__call_atexit.o)
 *(.fini)
 .fini          0x100069fc        0x4 /usr/lib/gcc/arm-none-eabi/13.2.1/thumb/v6-m/nofp/crti.o
                0x100069fc                _fini
 .fini.__stub   0x10006a00       0xd0 linker stubs
 *crtbegin.o(.ctors)
 *crtbegin?.o(.ctors)
 *(EXCLUDE_FILE(*crtend.o *crtend?.o) .ctors)
 *(SORT_BY_NAME(.ctors.*))
 *(.ctors)
 *crtbegin.o(.dtors)
 *crtbegin?.o(.dtors)
 *(EXCLUDE_FILE(*crtend.o *crtend?.o) .dtors)
 *(SORT_BY_NAME(.dtors.*))
 *(.dtors)
                0x10006ad0                        . = ALIGN (0x4)
                0x10006ad0                        PROVIDE (__preinit_array_start = .)
 *(SORT_BY_NAME(.preinit_array.*))
 .preinit_array.00100
                0x10006ad0        0x4 CMakeFiles/hello_world.dir/home/komlan/pico-sdk/src/rp2_common/pico_runtime_init/runtime_init.c.o
                0x10006ad0                __pre_init_runtime_init_early_resets
 .preinit_array.00101
                0x10006ad4        0x4 CMakeFiles/hello_world.dir/home/komlan/pico-sdk/src/rp2_common/pico_runtime_init/runtime_init.c.o
                0x10006ad4                __pre_init_runtime_init_usb_power_down
 .preinit_array.00275
                0x10006ad8        0x4 CMakeFiles/hello_world.dir/home/komlan/pico-sdk/src/rp2_common/pico_bit_ops/bit_ops_aeabi.S.o
 .preinit_array.00300
                0x10006adc        0x4 CMakeFiles/hello_world.dir/home/komlan/pico-sdk/src/rp2_common/pico_mem_ops/mem_ops_aeabi.S.o
 .preinit_array.00350
                0x10006ae0        0x4 CMakeFiles/hello_world.dir/home/komlan/pico-sdk/src/rp2_common/pico_double/double_aeabi_rp2040.S.o
 .preinit_array.00350
                0x10006ae4        0x4 CMakeFiles/hello_world.dir/home/komlan/pico-sdk/src/rp2_common/pico_float/float_aeabi_rp2040.S.o
 .preinit_array.00500
                0x10006ae8        0x4 CMakeFiles/hello_world.dir/home/komlan/pico-sdk/src/rp2_common/pico_runtime_init/runtime_init.c.o
                0x10006ae8                __pre_init_runtime_init_clocks
 .preinit_array.00600
                0x10006aec        0x4 CMakeFiles/hello_world.dir/home/komlan/pico-sdk/src/rp2_common/pico_runtime_init/runtime_init.c.o
                0x10006aec                __pre_init_runtime_init_post_clock_resets
 .preinit_array.00700
                0x10006af0        0x4 CMakeFiles/hello_world.dir/home/komlan/pico-sdk/src/rp2_common/pico_runtime_init/runtime_init.c.o
                0x10006af0                __pre_init_runtime_init_rp2040_gpio_ie_disable
 .preinit_array.01000
                0x10006af4        0x4 CMakeFiles/hello_world.dir/home/komlan/pico-sdk/src/rp2_common/pico_runtime_init/runtime_init.c.o
                0x10006af4                __pre_init_runtime_init_spin_locks_reset
 .preinit_array.01100
                0x10006af8        0x4 CMakeFiles/hello_world.dir/home/komlan/pico-sdk/src/common/pico_sync/mutex.c.o
                0x10006af8                __pre_init_runtime_init_mutex
 .preinit_array.10080
                0x10006afc        0x4 CMakeFiles/hello_world.dir/home/komlan/pico-sdk/src/rp2_common/pico_runtime_init/runtime_init.c.o
                0x10006afc                __pre_init_runtime_init_install_ram_vector_table
 .preinit_array.11000
                0x10006b00        0x4 CMakeFiles/hello_world.dir/home/komlan/pico-sdk/src/common/pico_time/time.c.o
                0x10006b00                __pre_init_runtime_init_default_alarm_pool
 .preinit_array.YYYYY
                0x10006b04        0x4 CMakeFiles/hello_world.dir/home/komlan/pico-sdk/src/rp2_common/pico_runtime/runtime.c.o
                0x10006b04                __pre_init_first_per_core_initializer
 .preinit_array.ZZZZZ.01200
                0x10006b08        0x4 CMakeFiles/hello_world.dir/home/komlan/pico-sdk/src/rp2_common/hardware_irq/irq.c.o
                0x10006b08                __pre_init_runtime_init_per_core_irq_priorities
 *(.preinit_array)
                0x10006b0c                        PROVIDE (__preinit_array_end = .)
                0x10006b0c                        . = ALIGN (0x4)
                0x10006b0c                        PROVIDE (__init_array_start = .)
 *(SORT_BY_NAME(.init_array.*))
 .init_array.00000
                0x10006b0c        0x4 /usr/lib/gcc/arm-none-eabi/13.2.1/../../../arm-none-eabi/lib/thumb/v6-m/nofp/libg.a(libc_a-__call_atexit.o)
 *(.init_array)
 .init_array    0x10006b10        0x4 /usr/lib/gcc/arm-none-eabi/13.2.1/thumb/v6-m/nofp/crtbegin.o
 .init_array    0x10006b14        0x4 CMakeFiles/hello_world.dir/home/komlan/pico-sdk/src/rp2_common/pico_unique_id/unique_id.c.o
                0x10006b18                        PROVIDE (__init_array_end = .)
                0x10006b18                        . = ALIGN (0x4)
                0x10006b18                        PROVIDE (__fini_array_start = .)
 *(SORT_BY_NAME(.fini_array.*))
 *(.fini_array)
                0x10006b18                        PROVIDE (__fini_array_end = .)
 *(.eh_frame*)
 .eh_frame      0x10006b18        0x0 /usr/lib/gcc/arm-none-eabi/13.2.1/thumb/v6-m/nofp/crtbegin.o
                0x10006b18                        . = ALIGN (0x4)

.glue_7         0x10006b18        0x0
 .glue_7        0x10006b18        0x0 linker stubs

.glue_7t        0x10006b18        0x0
 .glue_7t       0x10006b18        0x0 linker stubs

.vfp11_veneer   0x10006b18        0x0
 .vfp11_veneer  0x10006b18        0x0 linker stubs

.v4_bx          0x10006b18        0x0
 .v4_bx         0x10006b18        0x0 linker stubs

.iplt           0x10006b18        0x0
 .iplt          0x10006b18        0x0 /usr/lib/gcc/arm-none-eabi/13.2.1/thumb/v6-m/nofp/crtbegin.o

.rodata         0x10006b18     0x1338
 *(EXCLUDE_FILE(*libm.a: *libc.a:*lib_a-mem*.o *libgcc.a:) .rodata*)
 .rodata.main.str1.4
                0x10006b18      0xb2b CMakeFiles/hello_world.dir/src/hello_world.c.o
                                 0x1c (size before relaxing)
 .rodata.rp2040_chip_version.str1.4
                0x10007643       0x71 CMakeFiles/hello_world.dir/home/komlan/pico-sdk/src/rp2040/pico_platform/platform.c.o
 *fill*         0x10007643        0x1 
 .rodata.__func__.0
                0x10007644       0x14 CMakeFiles/hello_world.dir/home/komlan/pico-sdk/src/rp2040/pico_platform/platform.c.o
 .rodata.panic.str1.4
                0x10007658       0x12 CMakeFiles/hello_world.dir/home/komlan/pico-sdk/src/rp2_common/pico_platform_panic/panic.c.o
 .rodata.spin_lock_claim_unused.str1.4
                0x10007658       0x1b CMakeFiles/hello_world.dir/home/komlan/pico-sdk/src/rp2_common/hardware_sync/sync.c.o
 .rodata.resolve_j_16.str1.4
                0x10007658       0x50 CMakeFiles/hello_world.dir/home/komlan/pico-sdk/src/rp2_common/hardware_irq/irq.c.o
 .rodata.make_j_16.str1.4
                0x10007658       0x30 CMakeFiles/hello_world.dir/home/komlan/pico-sdk/src/rp2_common/hardware_irq/irq.c.o
 .rodata.irq_set_exclusive_handler.str1.4
                0x10007658       0x36 CMakeFiles/hello_world.dir/home/komlan/pico-sdk/src/rp2_common/hardware_irq/irq.c.o
 .rodata.irq_add_shared_handler.str1.4
                0x10007658       0xd2 CMakeFiles/hello_world.dir/home/komlan/pico-sdk/src/rp2_common/hardware_irq/irq.c.o
 .rodata.irq_add_tail_to_free_list.str1.4
                0x10007658       0x3a CMakeFiles/hello_world.dir/home/komlan/pico-sdk/src/rp2_common/hardware_irq/irq.c.o
 .rodata.user_irq_claim_unused.str1.4
                0x10007658       0x1b CMakeFiles/hello_world.dir/home/komlan/pico-sdk/src/rp2_common/hardware_irq/irq.c.o
 .rodata.__func__.0
                0x10007658       0x1a CMakeFiles/hello_world.dir/home/komlan/pico-sdk/src/rp2_common/hardware_irq/irq.c.o
 *fill*         0x10007672        0x2 
 .rodata.__func__.3
                0x10007674        0xa CMakeFiles/hello_world.dir/home/komlan/pico-sdk/src/rp2_common/hardware_irq/irq.c.o
 *fill*         0x1000767e        0x2 
 .rodata.__func__.4
                0x10007680        0xd CMakeFiles/hello_world.dir/home/komlan/pico-sdk/src/rp2_common/hardware_irq/irq.c.o
 *fill*         0x1000768d        0x3 
 .rodata.__func__.5
                0x10007690       0x17 CMakeFiles/hello_world.dir/home/komlan/pico-sdk/src/rp2_common/hardware_irq/irq.c.o
 *fill*         0x100076a7        0x1 
 .rodata.__func__.6
                0x100076a8       0x1a CMakeFiles/hello_world.dir/home/komlan/pico-sdk/src/rp2_common/hardware_irq/irq.c.o
 .rodata.runtime_init_mutex.str1.4
                0x100076c2       0x53 CMakeFiles/hello_world.dir/home/komlan/pico-sdk/src/common/pico_sync/mutex.c.o
 .rodata.str1.4
                0x100076c2       0x51 CMakeFiles/hello_world.dir/home/komlan/pico-sdk/src/common/pico_sync/mutex.c.o
 *fill*         0x100076c2        0x2 
 .rodata.__func__.1
                0x100076c4        0xb CMakeFiles/hello_world.dir/home/komlan/pico-sdk/src/common/pico_sync/mutex.c.o
 *fill*         0x100076cf        0x1 
 .rodata.__func__.3
                0x100076d0       0x18 CMakeFiles/hello_world.dir/home/komlan/pico-sdk/src/common/pico_sync/mutex.c.o
 .rodata.__func__.6
                0x100076e8       0x13 CMakeFiles/hello_world.dir/home/komlan/pico-sdk/src/common/pico_sync/mutex.c.o
 .rodata.alarm_pool_irq_handler.str1.4
                0x100076fb       0x5e CMakeFiles/hello_world.dir/home/komlan/pico-sdk/src/common/pico_time/time.c.o
 .rodata.alarm_pool_get_default.str1.4
                0x100076fb       0x21 CMakeFiles/hello_world.dir/home/komlan/pico-sdk/src/common/pico_time/time.c.o
 .rodata.sleep_until.str1.4
                0x100076fb       0x4d CMakeFiles/hello_world.dir/home/komlan/pico-sdk/src/common/pico_time/time.c.o
 *fill*         0x100076fb        0x1 
 .rodata.__func__.1
                0x100076fc       0x17 CMakeFiles/hello_world.dir/home/komlan/pico-sdk/src/common/pico_time/time.c.o
 *fill*         0x10007713        0x1 
 .rodata.__func__.2
                0x10007714       0x17 CMakeFiles/hello_world.dir/home/komlan/pico-sdk/src/common/pico_time/time.c.o
 .rodata.timer_hardware_alarm_claim.str1.4
                0x1000772b       0x22 CMakeFiles/hello_world.dir/home/komlan/pico-sdk/src/rp2_common/hardware_timer/timer.c.o
 .rodata.pll_init.str1.4
                0x1000772b      0x10c CMakeFiles/hello_world.dir/home/komlan/pico-sdk/src/rp2_common/hardware_pll/pll.c.o
 *fill*         0x1000772b        0x1 
 .rodata.__func__.0
                0x1000772c        0x9 CMakeFiles/hello_world.dir/home/komlan/pico-sdk/src/rp2_common/hardware_pll/pll.c.o
 .rodata.__aeabi_double_init.str1.4
                0x10007735       0x8e CMakeFiles/hello_world.dir/home/komlan/pico-sdk/src/rp2_common/pico_double/double_init_rom_rp2040.c.o
 *fill*         0x10007735        0x3 
 .rodata.__func__.0
                0x10007738       0x14 CMakeFiles/hello_world.dir/home/komlan/pico-sdk/src/rp2_common/pico_double/double_init_rom_rp2040.c.o
 .rodata.__aeabi_float_init.str1.4
                0x1000774c       0x80 CMakeFiles/hello_world.dir/home/komlan/pico-sdk/src/rp2_common/pico_float/float_init_rom_rp2040.c.o
 .rodata.__func__.0
                0x1000774c       0x13 CMakeFiles/hello_world.dir/home/komlan/pico-sdk/src/rp2_common/pico_float/float_init_rom_rp2040.c.o
 .rodata.str1.4
                0x1000775f       0x40 CMakeFiles/hello_world.dir/home/komlan/pico-sdk/src/rp2_common/pico_standard_binary_info/standard_binary_info.c.o
 *fill*         0x1000775f        0x1 
 .rodata.__bi_84
                0x10007760        0xc CMakeFiles/hello_world.dir/home/komlan/pico-sdk/src/rp2_common/pico_standard_binary_info/standard_binary_info.c.o
 .rodata.__bi_78
                0x1000776c        0xc CMakeFiles/hello_world.dir/home/komlan/pico-sdk/src/rp2_common/pico_standard_binary_info/standard_binary_info.c.o
 .rodata.__bi_54
                0x10007778        0xc CMakeFiles/hello_world.dir/home/komlan/pico-sdk/src/rp2_common/pico_standard_binary_info/standard_binary_info.c.o
 .rodata.__bi_48
                0x10007784        0xc CMakeFiles/hello_world.dir/home/komlan/pico-sdk/src/rp2_common/pico_standard_binary_info/standard_binary_info.c.o
 .rodata.__bi_42
                0x10007790        0xc CMakeFiles/hello_world.dir/home/komlan/pico-sdk/src/rp2_common/pico_standard_binary_info/standard_binary_info.c.o
 .rodata.__bi_34
                0x1000779c        0xc CMakeFiles/hello_world.dir/home/komlan/pico-sdk/src/rp2_common/pico_standard_binary_info/standard_binary_info.c.o
 .rodata.__bi_26
                0x100077a8        0xc CMakeFiles/hello_world.dir/home/komlan/pico-sdk/src/rp2_common/pico_standard_binary_info/standard_binary_info.c.o
 .rodata._ftoa.str1.4
                0x100077b4       0x15 CMakeFiles/hello_world.dir/home/komlan/pico-sdk/src/rp2_common/pico_printf/printf.c.o
 .rodata._vsnprintf
                0x100077b4      0x19c CMakeFiles/hello_world.dir/home/komlan/pico-sdk/src/rp2_common/pico_printf/printf.c.o
 .rodata.pow10.0
                0x10007950       0x50 CMakeFiles/hello_world.dir/home/komlan/pico-sdk/src/rp2_common/pico_printf/printf.c.o
 .rodata.__assert_func.str1.4
                0x100079a0       0x43 CMakeFiles/hello_world.dir/home/komlan/pico-sdk/src/rp2_common/pico_clib_interface/newlib_interface.c.o
 .rodata.crlf_str.0
                0x100079a0        0x2 CMakeFiles/hello_world.dir/home/komlan/pico-sdk/src/rp2_common/pico_stdio/stdio.c.o
 *fill*         0x100079a2        0x2 
 .rodata._resetd_driver
                0x100079a4       0x20 CMakeFiles/hello_world.dir/home/komlan/pico-sdk/src/rp2_common/pico_stdio_usb/reset_interface.c.o
 .rodata.desc_ms_os_20
                0x100079c4       0xa6 CMakeFiles/hello_world.dir/home/komlan/pico-sdk/src/rp2_common/pico_stdio_usb/reset_interface.c.o
 *fill*         0x10007a6a        0x2 
 .rodata.desc_bos
                0x10007a6c       0x21 CMakeFiles/hello_world.dir/home/komlan/pico-sdk/src/rp2_common/pico_stdio_usb/reset_interface.c.o
                0x10007a6c                desc_bos
 .rodata.stdio_usb_init.str1.4
                0x10007a8d       0x48 CMakeFiles/hello_world.dir/home/komlan/pico-sdk/src/rp2_common/pico_stdio_usb/stdio_usb.c.o
 .rodata.str1.4
                0x10007a8d       0x13 CMakeFiles/hello_world.dir/home/komlan/pico-sdk/src/rp2_common/pico_stdio_usb/stdio_usb.c.o
 *fill*         0x10007a8d        0x3 
 .rodata.__bi_197.1
                0x10007a90        0xc CMakeFiles/hello_world.dir/home/komlan/pico-sdk/src/rp2_common/pico_stdio_usb/stdio_usb.c.o
 .rodata.__func__.2
                0x10007a9c        0xf CMakeFiles/hello_world.dir/home/komlan/pico-sdk/src/rp2_common/pico_stdio_usb/stdio_usb.c.o
 .rodata.str1.4
                0x10007aab       0x2a CMakeFiles/hello_world.dir/home/komlan/pico-sdk/src/rp2_common/pico_stdio_usb/stdio_usb_descriptors.c.o
 *fill*         0x10007aab        0x1 
 .rodata.usbd_desc_str
                0x10007aac       0x18 CMakeFiles/hello_world.dir/home/komlan/pico-sdk/src/rp2_common/pico_stdio_usb/stdio_usb_descriptors.c.o
 .rodata.usbd_desc_cfg
                0x10007ac4       0x54 CMakeFiles/hello_world.dir/home/komlan/pico-sdk/src/rp2_common/pico_stdio_usb/stdio_usb_descriptors.c.o
 .rodata.usbd_desc_device
                0x10007b18       0x12 CMakeFiles/hello_world.dir/home/komlan/pico-sdk/src/rp2_common/pico_stdio_usb/stdio_usb_descriptors.c.o
 .rodata.pico_get_unique_board_id_string.str1.4
                0x10007b2a       0x48 CMakeFiles/hello_world.dir/home/komlan/pico-sdk/src/rp2_common/pico_unique_id/unique_id.c.o
 *fill*         0x10007b2a        0x2 
 .rodata.__func__.0
                0x10007b2c       0x20 CMakeFiles/hello_world.dir/home/komlan/pico-sdk/src/rp2_common/pico_unique_id/unique_id.c.o
 .rodata.str1.4
                0x10007b4c      0x189 CMakeFiles/hello_world.dir/home/komlan/pico-sdk/src/rp2_common/hardware_flash/flash.c.o
 .rodata.__func__.0
                0x10007b4c        0xd CMakeFiles/hello_world.dir/home/komlan/pico-sdk/src/rp2_common/hardware_flash/flash.c.o
 .rodata.hw_endpoint_alloc.str1.4
                0x10007b59       0x93 CMakeFiles/hello_world.dir/home/komlan/pico-sdk/lib/tinyusb/src/portable/raspberrypi/rp2040/dcd_rp2040.c.o
 .rodata.str1.4
                0x10007b59       0x14 CMakeFiles/hello_world.dir/home/komlan/pico-sdk/lib/tinyusb/src/portable/raspberrypi/rp2040/dcd_rp2040.c.o
 .rodata.dcd_int_enable.str1.4
                0x10007b59        0xc CMakeFiles/hello_world.dir/home/komlan/pico-sdk/lib/tinyusb/src/portable/raspberrypi/rp2040/dcd_rp2040.c.o
 *fill*         0x10007b59        0x3 
 .rodata.__func__.0
                0x10007b5c        0xe CMakeFiles/hello_world.dir/home/komlan/pico-sdk/lib/tinyusb/src/portable/raspberrypi/rp2040/dcd_rp2040.c.o
 *fill*         0x10007b6a        0x2 
 .rodata.__func__.3
                0x10007b6c       0x10 CMakeFiles/hello_world.dir/home/komlan/pico-sdk/lib/tinyusb/src/portable/raspberrypi/rp2040/dcd_rp2040.c.o
 .rodata.__func__.5
                0x10007b7c        0xf CMakeFiles/hello_world.dir/home/komlan/pico-sdk/lib/tinyusb/src/portable/raspberrypi/rp2040/dcd_rp2040.c.o
 *fill*         0x10007b8b        0x1 
 .rodata.__func__.6
                0x10007b8c       0x12 CMakeFiles/hello_world.dir/home/komlan/pico-sdk/lib/tinyusb/src/portable/raspberrypi/rp2040/dcd_rp2040.c.o
 *fill*         0x10007b9e        0x2 
 .rodata.__func__.7
                0x10007ba0        0x9 CMakeFiles/hello_world.dir/home/komlan/pico-sdk/lib/tinyusb/src/portable/raspberrypi/rp2040/dcd_rp2040.c.o
 .rodata.str1.4
                0x10007ba9       0xd8 CMakeFiles/hello_world.dir/home/komlan/pico-sdk/lib/tinyusb/src/portable/raspberrypi/rp2040/rp2040_usb.c.o
 .rodata.hw_endpoint_xfer_start.str1.4
                0x10007ba9       0x38 CMakeFiles/hello_world.dir/home/komlan/pico-sdk/lib/tinyusb/src/portable/raspberrypi/rp2040/rp2040_usb.c.o
 *fill*         0x10007ba9        0x3 
 .rodata.__func__.0
                0x10007bac        0xf CMakeFiles/hello_world.dir/home/komlan/pico-sdk/lib/tinyusb/src/portable/raspberrypi/rp2040/rp2040_usb.c.o
 .rodata.configuration_reset.str1.4
                0x10007bbb       0x17 CMakeFiles/hello_world.dir/home/komlan/pico-sdk/lib/tinyusb/src/device/usbd.c.o
 *fill*         0x10007bbb        0x1 
 .rodata.process_get_descriptor
                0x10007bbc       0x40 CMakeFiles/hello_world.dir/home/komlan/pico-sdk/lib/tinyusb/src/device/usbd.c.o
 .rodata        0x10007bfc       0x1c CMakeFiles/hello_world.dir/home/komlan/pico-sdk/lib/tinyusb/src/device/usbd.c.o
 .rodata.process_control_request
                0x10007c18       0x28 CMakeFiles/hello_world.dir/home/komlan/pico-sdk/lib/tinyusb/src/device/usbd.c.o
 .rodata.tud_task_ext
                0x10007c40       0x24 CMakeFiles/hello_world.dir/home/komlan/pico-sdk/lib/tinyusb/src/device/usbd.c.o
 .rodata.__func__.3
                0x10007c64        0xf CMakeFiles/hello_world.dir/home/komlan/pico-sdk/lib/tinyusb/src/device/usbd.c.o
 *fill*         0x10007c73        0x1 
 .rodata.__func__.4
                0x10007c74        0xf CMakeFiles/hello_world.dir/home/komlan/pico-sdk/lib/tinyusb/src/device/usbd.c.o
 *fill*         0x10007c83        0x1 
 .rodata.__func__.5
                0x10007c84       0x14 CMakeFiles/hello_world.dir/home/komlan/pico-sdk/lib/tinyusb/src/device/usbd.c.o
 .rodata.__func__.6
                0x10007c98        0xc CMakeFiles/hello_world.dir/home/komlan/pico-sdk/lib/tinyusb/src/device/usbd.c.o
 .rodata.__func__.7
                0x10007ca4       0x17 CMakeFiles/hello_world.dir/home/komlan/pico-sdk/lib/tinyusb/src/device/usbd.c.o
 *fill*         0x10007cbb        0x1 
 .rodata.__func__.8
                0x10007cbc       0x13 CMakeFiles/hello_world.dir/home/komlan/pico-sdk/lib/tinyusb/src/device/usbd.c.o
 *fill*         0x10007ccf        0x1 
 .rodata.__func__.9
                0x10007cd0       0x18 CMakeFiles/hello_world.dir/home/komlan/pico-sdk/lib/tinyusb/src/device/usbd.c.o
 .rodata.__func__.10
                0x10007ce8       0x14 CMakeFiles/hello_world.dir/home/komlan/pico-sdk/lib/tinyusb/src/device/usbd.c.o
 .rodata.__func__.11
                0x10007cfc        0xd CMakeFiles/hello_world.dir/home/komlan/pico-sdk/lib/tinyusb/src/device/usbd.c.o
 *fill*         0x10007d09        0x3 
 .rodata.__func__.12
                0x10007d0c       0x10 CMakeFiles/hello_world.dir/home/komlan/pico-sdk/lib/tinyusb/src/device/usbd.c.o
 .rodata._usbd_driver
                0x10007d1c       0x40 CMakeFiles/hello_world.dir/home/komlan/pico-sdk/lib/tinyusb/src/device/usbd.c.o
 .rodata.tud_control_xfer.str1.4
                0x10007d5c       0x17 CMakeFiles/hello_world.dir/home/komlan/pico-sdk/lib/tinyusb/src/device/usbd_control.c.o
 .rodata.__func__.0
                0x10007d5c       0x15 CMakeFiles/hello_world.dir/home/komlan/pico-sdk/lib/tinyusb/src/device/usbd_control.c.o
 *fill*         0x10007d71        0x3 
 .rodata.__func__.1
                0x10007d74       0x11 CMakeFiles/hello_world.dir/home/komlan/pico-sdk/lib/tinyusb/src/device/usbd_control.c.o
 .rodata.tud_cdc_n_write_flush.str1.4
                0x10007d85       0x17 CMakeFiles/hello_world.dir/home/komlan/pico-sdk/lib/tinyusb/src/class/cdc/cdc_device.c.o
 *fill*         0x10007d85        0x3 
 .rodata.__func__.0
                0x10007d88        0xd CMakeFiles/hello_world.dir/home/komlan/pico-sdk/lib/tinyusb/src/class/cdc/cdc_device.c.o
 *fill*         0x10007d95        0x3 
 .rodata.__func__.1
                0x10007d98        0xa CMakeFiles/hello_world.dir/home/komlan/pico-sdk/lib/tinyusb/src/class/cdc/cdc_device.c.o
 *fill*         0x10007da2        0x2 
 .rodata.__func__.3
                0x10007da4       0x16 CMakeFiles/hello_world.dir/home/komlan/pico-sdk/lib/tinyusb/src/class/cdc/cdc_device.c.o
 .rodata.vendord_open.str1.4
                0x10007dba       0x17 CMakeFiles/hello_world.dir/home/komlan/pico-sdk/lib/tinyusb/src/class/vendor/vendor_device.c.o
 *fill*         0x10007dba        0x2 
 .rodata.__func__.0
                0x10007dbc        0xd CMakeFiles/hello_world.dir/home/komlan/pico-sdk/lib/tinyusb/src/class/vendor/vendor_device.c.o
 .rodata.tusb_rhport_init.str1.4
                0x10007dc9       0x17 CMakeFiles/hello_world.dir/home/komlan/pico-sdk/lib/tinyusb/src/tusb.c.o
 *fill*         0x10007dc9        0x3 
 .rodata.__func__.0
                0x10007dcc       0x19 CMakeFiles/hello_world.dir/home/komlan/pico-sdk/lib/tinyusb/src/tusb.c.o
 *fill*         0x10007de5        0x3 
 .rodata.__func__.2
                0x10007de8       0x1a CMakeFiles/hello_world.dir/home/komlan/pico-sdk/lib/tinyusb/src/tusb.c.o
 *fill*         0x10007e02        0x2 
 .rodata.__func__.3
                0x10007e04       0x23 CMakeFiles/hello_world.dir/home/komlan/pico-sdk/lib/tinyusb/src/tusb.c.o
 *fill*         0x10007e27        0x1 
 .rodata.__func__.4
                0x10007e28       0x11 CMakeFiles/hello_world.dir/home/komlan/pico-sdk/lib/tinyusb/src/tusb.c.o
 *fill*         0x10007e39        0x3 
 .rodata.__func__.5
                0x10007e3c       0x11 CMakeFiles/hello_world.dir/home/komlan/pico-sdk/lib/tinyusb/src/tusb.c.o
                0x10007e50                        . = ALIGN (0x4)
 *fill*         0x10007e4d        0x3 
 *(SORT_BY_ALIGNMENT(SORT_BY_NAME(.flashdata*)))
                0x10007e50                        . = ALIGN (0x4)

.ARM.extab
 *(.ARM.extab* .gnu.linkonce.armextab.*)
                0x10007e50                        __exidx_start = .

.ARM.exidx
 *(.ARM.exidx* .gnu.linkonce.armexidx.*)
                0x10007e50                        __exidx_end = .
                0x10007e50                        . = ALIGN (0x4)
                0x10007e50                        __binary_info_start = .

.binary_info    0x10007e50       0x20
 *(.binary_info.keep.*)
 .binary_info.keep.__bi_ptr84
                0x10007e50        0x4 CMakeFiles/hello_world.dir/home/komlan/pico-sdk/src/rp2_common/pico_standard_binary_info/standard_binary_info.c.o
 .binary_info.keep.__bi_ptr78
                0x10007e54        0x4 CMakeFiles/hello_world.dir/home/komlan/pico-sdk/src/rp2_common/pico_standard_binary_info/standard_binary_info.c.o
 .binary_info.keep.__bi_ptr54
                0x10007e58        0x4 CMakeFiles/hello_world.dir/home/komlan/pico-sdk/src/rp2_common/pico_standard_binary_info/standard_binary_info.c.o
 .binary_info.keep.__bi_ptr48
                0x10007e5c        0x4 CMakeFiles/hello_world.dir/home/komlan/pico-sdk/src/rp2_common/pico_standard_binary_info/standard_binary_info.c.o
 .binary_info.keep.__bi_ptr42
                0x10007e60        0x4 CMakeFiles/hello_world.dir/home/komlan/pico-sdk/src/rp2_common/pico_standard_binary_info/standard_binary_info.c.o
 .binary_info.keep.__bi_ptr34
                0x10007e64        0x4 CMakeFiles/hello_world.dir/home/komlan/pico-sdk/src/rp2_common/pico_standard_binary_info/standard_binary_info.c.o
 .binary_info.keep.__bi_ptr26
                0x10007e68        0x4 CMakeFiles/hello_world.dir/home/komlan/pico-sdk/src/rp2_common/pico_standard_binary_info/standard_binary_info.c.o
 *(.binary_info.*)
 .binary_info.__bi_ptr197
                0x10007e6c        0x4 CMakeFiles/hello_world.dir/home/komlan/pico-sdk/src/rp2_common/pico_stdio_usb/stdio_usb.c.o
                0x10007e70                        __binary_info_end = .

.rel.dyn        0x10007e70        0x0
 .rel.iplt      0x10007e70        0x0 /usr/lib/gcc/arm-none-eabi/13.2.1/thumb/v6-m/nofp/crtbegin.o
                0x10007e70                        . = ALIGN (0x4)

.ram_vector_table
                0x20000000       0xc0
 *(.ram_vector_table)
 .ram_vector_table
                0x20000000       0xc0 CMakeFiles/hello_world.dir/home/komlan/pico-sdk/src/rp2_common/pico_runtime_init/runtime_init.c.o
                0x20000000                ram_vector_table

.uninitialized_data
                0x200000c0        0x0
                0x200000c0                        . = ALIGN (0x4)
 *(.uninitialized_data*)

.data           0x200000c0      0xbb0 load address 0x10007e70
                0x200000c0                        __data_start__ = .
 *(vtable)
 *(.time_critical*)
 .time_critical.mutex_try_enter
                0x200000c0       0x48 CMakeFiles/hello_world.dir/home/komlan/pico-sdk/src/common/pico_sync/mutex.c.o
                0x200000c0                mutex_try_enter
 .time_critical.mutex_enter_block_until
                0x20000108       0x90 CMakeFiles/hello_world.dir/home/komlan/pico-sdk/src/common/pico_sync/mutex.c.o
                0x20000108                mutex_enter_block_until
 .time_critical.mutex_try_enter_block_until
                0x20000198       0x34 CMakeFiles/hello_world.dir/home/komlan/pico-sdk/src/common/pico_sync/mutex.c.o
                0x20000198                mutex_try_enter_block_until
 .time_critical.mutex_enter_timeout_ms
                0x200001cc       0x3c CMakeFiles/hello_world.dir/home/komlan/pico-sdk/src/common/pico_sync/mutex.c.o
                0x200001cc                mutex_enter_timeout_ms
 .time_critical.mutex_exit
                0x20000208       0x4c CMakeFiles/hello_world.dir/home/komlan/pico-sdk/src/common/pico_sync/mutex.c.o
                0x20000208                mutex_exit
 .time_critical.flash_init_boot2_copyout
                0x20000254       0x30 CMakeFiles/hello_world.dir/home/komlan/pico-sdk/src/rp2_common/hardware_flash/flash.c.o
 .time_critical.flash_enable_xip_via_boot2
                0x20000284        0xc CMakeFiles/hello_world.dir/home/komlan/pico-sdk/src/rp2_common/hardware_flash/flash.c.o
 .time_critical.flash_cs_force
                0x20000290       0x28 CMakeFiles/hello_world.dir/home/komlan/pico-sdk/src/rp2_common/hardware_flash/flash.c.o
 .time_critical.flash_do_cmd
                0x200002b8       0xd8 CMakeFiles/hello_world.dir/home/komlan/pico-sdk/src/rp2_common/hardware_flash/flash.c.o
                0x200002b8                flash_do_cmd
 .time_critical.reset_non_control_endpoints
                0x20000390       0x40 CMakeFiles/hello_world.dir/home/komlan/pico-sdk/lib/tinyusb/src/portable/raspberrypi/rp2040/dcd_rp2040.c.o
 .time_critical.hw_handle_buff_status
                0x200003d0       0x98 CMakeFiles/hello_world.dir/home/komlan/pico-sdk/lib/tinyusb/src/portable/raspberrypi/rp2040/dcd_rp2040.c.o
 .time_critical.dcd_rp2040_irq
                0x20000468      0x20c CMakeFiles/hello_world.dir/home/komlan/pico-sdk/lib/tinyusb/src/portable/raspberrypi/rp2040/dcd_rp2040.c.o
 .time_critical.prepare_ep_buffer
                0x20000674       0x6c CMakeFiles/hello_world.dir/home/komlan/pico-sdk/lib/tinyusb/src/portable/raspberrypi/rp2040/rp2040_usb.c.o
 .time_critical.e15_is_bulkin_ep
                0x200006e0       0x2c CMakeFiles/hello_world.dir/home/komlan/pico-sdk/lib/tinyusb/src/portable/raspberrypi/rp2040/rp2040_usb.c.o
 .time_critical.e15_is_critical_frame_period
                0x2000070c       0x30 CMakeFiles/hello_world.dir/home/komlan/pico-sdk/lib/tinyusb/src/portable/raspberrypi/rp2040/rp2040_usb.c.o
 .time_critical.sync_ep_buffer
                0x2000073c       0x78 CMakeFiles/hello_world.dir/home/komlan/pico-sdk/lib/tinyusb/src/portable/raspberrypi/rp2040/rp2040_usb.c.o
 .time_critical._hw_endpoint_xfer_sync
                0x200007b4       0x28 CMakeFiles/hello_world.dir/home/komlan/pico-sdk/lib/tinyusb/src/portable/raspberrypi/rp2040/rp2040_usb.c.o
 .time_critical.hw_endpoint_reset_transfer
                0x200007dc        0xc CMakeFiles/hello_world.dir/home/komlan/pico-sdk/lib/tinyusb/src/portable/raspberrypi/rp2040/rp2040_usb.c.o
                0x200007dc                hw_endpoint_reset_transfer
 .time_critical._hw_endpoint_buffer_control_update32
                0x200007e8       0x4c CMakeFiles/hello_world.dir/home/komlan/pico-sdk/lib/tinyusb/src/portable/raspberrypi/rp2040/rp2040_usb.c.o
                0x200007e8                _hw_endpoint_buffer_control_update32
 .time_critical.hw_endpoint_start_next_buffer
                0x20000834       0x88 CMakeFiles/hello_world.dir/home/komlan/pico-sdk/lib/tinyusb/src/portable/raspberrypi/rp2040/rp2040_usb.c.o
                0x20000834                hw_endpoint_start_next_buffer
 .time_critical.hw_endpoint_xfer_continue
                0x200008bc       0x40 CMakeFiles/hello_world.dir/home/komlan/pico-sdk/lib/tinyusb/src/portable/raspberrypi/rp2040/rp2040_usb.c.o
                0x200008bc                hw_endpoint_xfer_continue
 .time_critical.tinyusb
                0x200008fc      0x1dc CMakeFiles/hello_world.dir/home/komlan/pico-sdk/lib/tinyusb/src/device/usbd.c.o
                0x200008fc                dcd_event_handler
 *(.text*)
 .text          0x20000ad8        0x4 /usr/lib/gcc/arm-none-eabi/13.2.1/thumb/v6-m/nofp/libgcc.a(_dvmd_tls.o)
                0x20000ad8                __aeabi_ldiv0
                0x20000ad8                __aeabi_idiv0
 *fill*         0x20000adc        0x4 
 .text.__stub   0x20000ae0       0xc0 linker stubs
                0x20000ba0                        . = ALIGN (0x4)
 *(.rodata*)
                0x20000ba0                        . = ALIGN (0x4)
 *(.data*)
 .data.striped_spin_lock_num
                0x20000ba0        0x1 CMakeFiles/hello_world.dir/home/komlan/pico-sdk/src/rp2_common/hardware_sync/sync.c.o
 *fill*         0x20000ba1        0x3 
 .data          0x20000ba4       0x48 CMakeFiles/hello_world.dir/home/komlan/pico-sdk/src/rp2_common/hardware_irq/irq_handler_chain.S.o
                0x20000ba4                irq_handler_chain_slots
                0x20000bd4                irq_handler_chain_first_slot
                0x20000bde                irq_handler_chain_remove_tail
 .data.default_alarm_pool
                0x20000bec       0x18 CMakeFiles/hello_world.dir/home/komlan/pico-sdk/src/common/pico_time/time.c.o
 *fill*         0x20000c04        0xc 
 .data.aeabi_bits_funcs
                0x20000c10       0x10 CMakeFiles/hello_world.dir/home/komlan/pico-sdk/src/rp2_common/pico_bit_ops/bit_ops_aeabi.S.o
                0x20000c10                aeabi_bits_funcs
                0x20000c20                aeabi_bits_funcs_end
 .data.aeabi_mem_funcs
                0x20000c20       0x10 CMakeFiles/hello_world.dir/home/komlan/pico-sdk/src/rp2_common/pico_mem_ops/mem_ops_aeabi.S.o
                0x20000c20                aeabi_mem_funcs
                0x20000c30                aeabi_mem_funcs_end
 .data.stdio_usb
                0x20000c30       0x18 CMakeFiles/hello_world.dir/home/komlan/pico-sdk/src/rp2_common/pico_stdio_usb/stdio_usb.c.o
                0x20000c30                stdio_usb
 .data._usbd_qdef
                0x20000c48       0x1c CMakeFiles/hello_world.dir/home/komlan/pico-sdk/lib/tinyusb/src/device/usbd.c.o
                0x20000c48                _usbd_qdef
 .data._usbd_rhport
                0x20000c64        0x1 CMakeFiles/hello_world.dir/home/komlan/pico-sdk/lib/tinyusb/src/device/usbd.c.o
                0x20000c68                        . = ALIGN (0x4)
 *fill*         0x20000c65        0x3 
 *(.after_data.*)
                0x20000c68                        . = ALIGN (0x4)
                0x20000c68                        PROVIDE (__mutex_array_start = .)
 *(SORT_BY_NAME(.mutex_array.*))
 *(.mutex_array)
 .mutex_array   0x20000c68        0x8 CMakeFiles/hello_world.dir/home/komlan/pico-sdk/src/rp2_common/pico_stdio/stdio.c.o
                0x20000c70                        PROVIDE (__mutex_array_end = .)
                0x20000c70                        . = ALIGN (0x4)
 *(.jcr)
                0x20000c70                        . = ALIGN (0x4)

.tm_clone_table
                0x20000c70        0x0 load address 0x10008a20
 .tm_clone_table
                0x20000c70        0x0 /usr/lib/gcc/arm-none-eabi/13.2.1/thumb/v6-m/nofp/crtbegin.o
 .tm_clone_table
                0x20000c70        0x0 /usr/lib/gcc/arm-none-eabi/13.2.1/thumb/v6-m/nofp/crtend.o

.igot.plt       0x20000c70        0x0 load address 0x10008a20